Archive member included to satisfy reference by file (symbol)

C:/ST/STM32CubeIDE_1.18.1/STM32CubeIDE/plugins/com.st.stm32cube.ide.mcu.externaltools.gnu-tools-for-stm32.14.3.rel1.win32_1.0.100.202602081740/tools/bin/../lib/gcc/arm-none-eabi/14.3.1/../../../../arm-none-eabi/lib/thumb/v6-m/nofp\libc_nano.a(libc_a-exit.o)
                              C:/ST/STM32CubeIDE_1.18.1/STM32CubeIDE/plugins/com.st.stm32cube.ide.mcu.externaltools.gnu-tools-for-stm32.14.3.rel1.win32_1.0.100.202602081740/tools/bin/../lib/gcc/arm-none-eabi/14.3.1/../../../../arm-none-eabi/lib/thumb/v6-m/nofp/crt0.o (exit)
C:/ST/STM32CubeIDE_1.18.1/STM32CubeIDE/plugins/com.st.stm32cube.ide.mcu.externaltools.gnu-tools-for-stm32.14.3.rel1.win32_1.0.100.202602081740/tools/bin/../lib/gcc/arm-none-eabi/14.3.1/../../../../arm-none-eabi/lib/thumb/v6-m/nofp\libc_nano.a(libc_a-findfp.o)
                              C:/ST/STM32CubeIDE_1.18.1/STM32CubeIDE/plugins/com.st.stm32cube.ide.mcu.externaltools.gnu-tools-for-stm32.14.3.rel1.win32_1.0.100.202602081740/tools/bin/../lib/gcc/arm-none-eabi/14.3.1/../../../../arm-none-eabi/lib/thumb/v6-m/nofp\libc_nano.a(libc_a-exit.o) (__stdio_exit_handler)
C:/ST/STM32CubeIDE_1.18.1/STM32CubeIDE/plugins/com.st.stm32cube.ide.mcu.externaltools.gnu-tools-for-stm32.14.3.rel1.win32_1.0.100.202602081740/tools/bin/../lib/gcc/arm-none-eabi/14.3.1/../../../../arm-none-eabi/lib/thumb/v6-m/nofp\libc_nano.a(libc_a-fwalk.o)
                              C:/ST/STM32CubeIDE_1.18.1/STM32CubeIDE/plugins/com.st.stm32cube.ide.mcu.externaltools.gnu-tools-for-stm32.14.3.rel1.win32_1.0.100.202602081740/tools/bin/../lib/gcc/arm-none-eabi/14.3.1/../../../../arm-none-eabi/lib/thumb/v6-m/nofp\libc_nano.a(libc_a-findfp.o) (_fwalk_sglue)
C:/ST/STM32CubeIDE_1.18.1/STM32CubeIDE/plugins/com.st.stm32cube.ide.mcu.externaltools.gnu-tools-for-stm32.14.3.rel1.win32_1.0.100.202602081740/tools/bin/../lib/gcc/arm-none-eabi/14.3.1/../../../../arm-none-eabi/lib/thumb/v6-m/nofp\libc_nano.a(libc_a-snprintf.o)
                              ./Core/Src/LCD.o (snprintf)
C:/ST/STM32CubeIDE_1.18.1/STM32CubeIDE/plugins/com.st.stm32cube.ide.mcu.externaltools.gnu-tools-for-stm32.14.3.rel1.win32_1.0.100.202602081740/tools/bin/../lib/gcc/arm-none-eabi/14.3.1/../../../../arm-none-eabi/lib/thumb/v6-m/nofp\libc_nano.a(libc_a-sprintf.o)
                              ./Core/Src/state_logic.o (sprintf)
C:/ST/STM32CubeIDE_1.18.1/STM32CubeIDE/plugins/com.st.stm32cube.ide.mcu.externaltools.gnu-tools-for-stm32.14.3.rel1.win32_1.0.100.202602081740/tools/bin/../lib/gcc/arm-none-eabi/14.3.1/../../../../arm-none-eabi/lib/thumb/v6-m/nofp\libc_nano.a(libc_a-stdio.o)
                              C:/ST/STM32CubeIDE_1.18.1/STM32CubeIDE/plugins/com.st.stm32cube.ide.mcu.externaltools.gnu-tools-for-stm32.14.3.rel1.win32_1.0.100.202602081740/tools/bin/../lib/gcc/arm-none-eabi/14.3.1/../../../../arm-none-eabi/lib/thumb/v6-m/nofp\libc_nano.a(libc_a-findfp.o) (__sread)
C:/ST/STM32CubeIDE_1.18.1/STM32CubeIDE/plugins/com.st.stm32cube.ide.mcu.externaltools.gnu-tools-for-stm32.14.3.rel1.win32_1.0.100.202602081740/tools/bin/../lib/gcc/arm-none-eabi/14.3.1/../../../../arm-none-eabi/lib/thumb/v6-m/nofp\libc_nano.a(libc_a-memset.o)
                              C:/ST/STM32CubeIDE_1.18.1/STM32CubeIDE/plugins/com.st.stm32cube.ide.mcu.externaltools.gnu-tools-for-stm32.14.3.rel1.win32_1.0.100.202602081740/tools/bin/../lib/gcc/arm-none-eabi/14.3.1/../../../../arm-none-eabi/lib/thumb/v6-m/nofp/crt0.o (memset)
C:/ST/STM32CubeIDE_1.18.1/STM32CubeIDE/plugins/com.st.stm32cube.ide.mcu.externaltools.gnu-tools-for-stm32.14.3.rel1.win32_1.0.100.202602081740/tools/bin/../lib/gcc/arm-none-eabi/14.3.1/../../../../arm-none-eabi/lib/thumb/v6-m/nofp\libc_nano.a(libc_a-closer.o)
                              C:/ST/STM32CubeIDE_1.18.1/STM32CubeIDE/plugins/com.st.stm32cube.ide.mcu.externaltools.gnu-tools-for-stm32.14.3.rel1.win32_1.0.100.202602081740/tools/bin/../lib/gcc/arm-none-eabi/14.3.1/../../../../arm-none-eabi/lib/thumb/v6-m/nofp\libc_nano.a(libc_a-stdio.o) (_close_r)
C:/ST/STM32CubeIDE_1.18.1/STM32CubeIDE/plugins/com.st.stm32cube.ide.mcu.externaltools.gnu-tools-for-stm32.14.3.rel1.win32_1.0.100.202602081740/tools/bin/../lib/gcc/arm-none-eabi/14.3.1/../../../../arm-none-eabi/lib/thumb/v6-m/nofp\libc_nano.a(libc_a-reent.o)
                              C:/ST/STM32CubeIDE_1.18.1/STM32CubeIDE/plugins/com.st.stm32cube.ide.mcu.externaltools.gnu-tools-for-stm32.14.3.rel1.win32_1.0.100.202602081740/tools/bin/../lib/gcc/arm-none-eabi/14.3.1/../../../../arm-none-eabi/lib/thumb/v6-m/nofp\libc_nano.a(libc_a-closer.o) (errno)
C:/ST/STM32CubeIDE_1.18.1/STM32CubeIDE/plugins/com.st.stm32cube.ide.mcu.externaltools.gnu-tools-for-stm32.14.3.rel1.win32_1.0.100.202602081740/tools/bin/../lib/gcc/arm-none-eabi/14.3.1/../../../../arm-none-eabi/lib/thumb/v6-m/nofp\libc_nano.a(libc_a-impure.o)
[...]
Memory Configuration

Name             Origin             Length             Attributes
RAM              0x20000000         0x00024000         xrw
FLASH            0x08000000         0x00080000         xr
*default*        0x00000000         0xffffffff

Linker script and memory map

LOAD C:/ST/STM32CubeIDE_1.18.1/STM32CubeIDE/plugins/com.st.stm32cube.ide.mcu.externaltools.gnu-tools-for-stm32.14.3.rel1.win32_1.0.100.202602081740/tools/bin/../lib/gcc/arm-none-eabi/14.3.1/thumb/v6-m/nofp/crti.o
LOAD C:/ST/STM32CubeIDE_1.18.1/STM32CubeIDE/plugins/com.st.stm32cube.ide.mcu.externaltools.gnu-tools-for-stm32.14.3.rel1.win32_1.0.100.202602081740/tools/bin/../lib/gcc/arm-none-eabi/14.3.1/thumb/v6-m/nofp/crtbegin.o
LOAD C:/ST/STM32CubeIDE_1.18.1/STM32CubeIDE/plugins/com.st.stm32cube.ide.mcu.externaltools.gnu-tools-for-stm32.14.3.rel1.win32_1.0.100.202602081740/tools/bin/../lib/gcc/arm-none-eabi/14.3.1/../../../../arm-none-eabi/lib/thumb/v6-m/nofp/crt0.o
LOAD ./Core/Src/DS18B20.o
LOAD ./Core/Src/DS3231(CLK).o
LOAD ./Core/Src/LCD.o
LOAD ./Core/Src/keypad.o
LOAD ./Core/Src/main.o
LOAD ./Core/Src/mcp23017.o
LOAD ./Core/Src/ph.o
LOAD ./Core/Src/physical_controls.o
LOAD ./Core/Src/state_logic.o
LOAD ./Core/Src/state_machine.o
LOAD ./Core/Src/stm32g0xx_hal_msp.o
LOAD ./Core/Src/stm32g0xx_it.o
LOAD ./Core/Src/syscalls.o
LOAD ./Core/Src/sysmem.o
LOAD ./Core/Src/system_stm32g0xx.o
LOAD ./Core/Src/turbidity.o
LOAD ./Core/Src/waterlevel_us.o
LOAD ./Core/Startup/startup_stm32g0b1retx.o
LOAD ./Drivers/STM32G0xx_HAL_Driver/Src/stm32g0xx_hal.o
LOAD ./Drivers/STM32G0xx_HAL_Driver/Src/stm32g0xx_hal_adc.o
LOAD ./Drivers/STM32G0xx_HAL_Driver/Src/stm32g0xx_hal_adc_ex.o
LOAD ./Drivers/STM32G0xx_HAL_Driver/Src/stm32g0xx_hal_cortex.o
LOAD ./Drivers/STM32G0xx_HAL_Driver/Src/stm32g0xx_hal_dma.o
LOAD ./Drivers/STM32G0xx_HAL_Driver/Src/stm32g0xx_hal_dma_ex.o
LOAD ./Drivers/STM32G0xx_HAL_Driver/Src/stm32g0xx_hal_exti.o
LOAD ./Drivers/STM32G0xx_HAL_Driver/Src/stm32g0xx_hal_flash.o
LOAD ./Drivers/STM32G0xx_HAL_Driver/Src/stm32g0xx_hal_flash_ex.o
LOAD ./Drivers/STM32G0xx_HAL_Driver/Src/stm32g0xx_hal_gpio.o
LOAD ./Drivers/STM32G0xx_HAL_Driver/Src/stm32g0xx_hal_i2c.o
LOAD ./Drivers/STM32G0xx_HAL_Driver/Src/stm32g0xx_hal_i2c_ex.o
LOAD ./Drivers/STM32G0xx_HAL_Driver/Src/stm32g0xx_hal_pwr.o
LOAD ./Drivers/STM32G0xx_HAL_Driver/Src/stm32g0xx_hal_pwr_ex.o
LOAD ./Drivers/STM32G0xx_HAL_Driver/Src/stm32g0xx_hal_rcc.o
LOAD ./Drivers/STM32G0xx_HAL_Driver/Src/stm32g0xx_hal_rcc_ex.o
LOAD ./Drivers/STM32G0xx_HAL_Driver/Src/stm32g0xx_hal_tim.o
LOAD ./Drivers/STM32G0xx_HAL_Driver/Src/stm32g0xx_hal_tim_ex.o
LOAD ./Drivers/STM32G0xx_HAL_Driver/Src/stm32g0xx_hal_uart.o
LOAD ./Drivers/STM32G0xx_HAL_Driver/Src/stm32g0xx_hal_uart_ex.o
LOAD ./Drivers/STM32G0xx_HAL_Driver/Src/stm32g0xx_ll_adc.o
LOAD ./Drivers/STM32G0xx_HAL_Driver/Src/stm32g0xx_ll_rcc.o
START GROUP
LOAD C:/ST/STM32CubeIDE_1.18.1/STM32CubeIDE/plugins/com.st.stm32cube.ide.mcu.externaltools.gnu-tools-for-stm32.14.3.rel1.win32_1.0.100.202602081740/tools/bin/../lib/gcc/arm-none-eabi/14.3.1/../../../../arm-none-eabi/lib/thumb/v6-m/nofp\libc_nano.a
LOAD C:/ST/STM32CubeIDE_1.18.1/STM32CubeIDE/plugins/com.st.stm32cube.ide.mcu.externaltools.gnu-tools-for-stm32.14.3.rel1.win32_1.0.100.202602081740/tools/bin/../lib/gcc/arm-none-eabi/14.3.1/../../../../arm-none-eabi/lib/thumb/v6-m/nofp\libm.a
END GROUP
START GROUP
LOAD C:/ST/STM32CubeIDE_1.18.1/STM32CubeIDE/plugins/com.st.stm32cube.ide.mcu.externaltools.gnu-tools-for-stm32.14.3.rel1.win32_1.0.100.202602081740/tools/bin/../lib/gcc/arm-none-eabi/14.3.1/thumb/v6-m/nofp\libgcc.a
LOAD C:/ST/STM32CubeIDE_1.18.1/STM32CubeIDE/plugins/com.st.stm32cube.ide.mcu.externaltools.gnu-tools-for-stm32.14.3.rel1.win32_1.0.100.202602081740/tools/bin/../lib/gcc/arm-none-eabi/14.3.1/../../../../arm-none-eabi/lib/thumb/v6-m/nofp\libc_nano.a
END GROUP
START GROUP
LOAD C:/ST/STM32CubeIDE_1.18.1/STM32CubeIDE/plugins/com.st.stm32cube.ide.mcu.externaltools.gnu-tools-for-stm32.14.3.rel1.win32_1.0.100.202602081740/tools/bin/../lib/gcc/arm-none-eabi/14.3.1/thumb/v6-m/nofp\libgcc.a
LOAD C:/ST/STM32CubeIDE_1.18.1/STM32CubeIDE/plugins/com.st.stm32cube.ide.mcu.externaltools.gnu-tools-for-stm32.14.3.rel1.win32_1.0.100.202602081740/tools/bin/../lib/gcc/arm-none-eabi/14.3.1/../../../../arm-none-eabi/lib/thumb/v6-m/nofp\libc_nano.a
LOAD C:/ST/STM32CubeIDE_1.18.1/STM32CubeIDE/plugins/com.st.stm32cube.ide.mcu.externaltools.gnu-tools-for-stm32.14.3.rel1.win32_1.0.100.202602081740/tools/bin/../lib/gcc/arm-none-eabi/14.3.1/../../../../arm-none-eabi/lib/thumb/v6-m/nofp\libnosys.a
END GROUP
START GROUP
LOAD C:/ST/STM32CubeIDE_1.18.1/STM32CubeIDE/plugins/com.st.stm32cube.ide.mcu.externaltools.gnu-tools-for-stm32.14.3.rel1.win32_1.0.100.202602081740/tools/bin/../lib/gcc/arm-none-eabi/14.3.1/thumb/v6-m/nofp\libgcc.a
LOAD C:/ST/STM32CubeIDE_1.18.1/STM32CubeIDE/plugins/com.st.stm32cube.ide.mcu.externaltools.gnu-tools-for-stm32.14.3.rel1.win32_1.0.100.202602081740/tools/bin/../lib/gcc/arm-none-eabi/14.3.1/../../../../arm-none-eabi/lib/thumb/v6-m/nofp\libc_nano.a
LOAD C:/ST/STM32CubeIDE_1.18.1/STM32CubeIDE/plugins/com.st.stm32cube.ide.mcu.externaltools.gnu-tools-for-stm32.14.3.rel1.win32_1.0.100.202602081740/tools/bin/../lib/gcc/arm-none-eabi/14.3.1/../../../../arm-none-eabi/lib/thumb/v6-m/nofp\libnosys.a
END GROUP
LOAD C:/ST/STM32CubeIDE_1.18.1/STM32CubeIDE/plugins/com.st.stm32cube.ide.mcu.externaltools.gnu-tools-for-stm32.14.3.rel1.win32_1.0.100.202602081740/tools/bin/../lib/gcc/arm-none-eabi/14.3.1/thumb/v6-m/nofp/crtend.o
LOAD C:/ST/STM32CubeIDE_1.18.1/STM32CubeIDE/plugins/com.st.stm32cube.ide.mcu.externaltools.gnu-tools-for-stm32.14.3.rel1.win32_1.0.100.202602081740/tools/bin/../lib/gcc/arm-none-eabi/14.3.1/thumb/v6-m/nofp/crtn.o
                0x20024000                        _estack = (ORIGIN (RAM) + LENGTH (RAM))
                0x00000200                        _Min_Heap_Size = 0x200
                0x00000400                        _Min_Stack_Size = 0x400

.isr_vector     0x08000000       0xbc
                0x08000000                        . = ALIGN (0x4)
 *(.isr_vector)
 .isr_vector    0x08000000       0xbc ./Core/Startup/startup_stm32g0b1retx.o
                0x08000000                g_pfnVectors
                0x080000bc                        . = ALIGN (0x4)

.text           0x080000bc     0xd720
                0x080000bc                        . = ALIGN (0x4)
 *(.text)
 .text          0x080000bc       0x48 C:/ST/STM32CubeIDE_1.18.1/STM32CubeIDE/plugins/com.st.stm32cube.ide.mcu.externaltools.gnu-tools-for-stm32.14.3.rel1.win32_1.0.100.202602081740/tools/bin/../lib/gcc/arm-none-eabi/14.3.1/thumb/v6-m/nofp/crtbegin.o
 .text          0x08000104        0xe C:/ST/STM32CubeIDE_1.18.1/STM32CubeIDE/plugins/com.st.stm32cube.ide.mcu.externaltools.gnu-tools-for-stm32.14.3.rel1.win32_1.0.100.202602081740/tools/bin/../lib/gcc/arm-none-eabi/14.3.1/../../../../arm-none-eabi/lib/thumb/v6-m/nofp\libc_nano.a(libc_a-strlen.o)
                0x08000104                strlen
 *fill*         0x08000112        0x2 
 .text          0x08000114       0x14 C:/ST/STM32CubeIDE_1.18.1/STM32CubeIDE/plugins/com.st.stm32cube.ide.mcu.externaltools.gnu-tools-for-stm32.14.3.rel1.win32_1.0.100.202602081740/tools/bin/../lib/gcc/arm-none-eabi/14.3.1/thumb/v6-m/nofp\libgcc.a(_thumb1_case_shi.o)
                0x08000114                __gnu_thumb1_case_shi
 .text          0x08000128      0x114 C:/ST/STM32CubeIDE_1.18.1/STM32CubeIDE/plugins/com.st.stm32cube.ide.mcu.externaltools.gnu-tools-for-stm32.14.3.rel1.win32_1.0.100.202602081740/tools/bin/../lib/gcc/arm-none-eabi/14.3.1/thumb/v6-m/nofp\libgcc.a(_udivsi3.o)
                0x08000128                __aeabi_uidiv
                0x08000128                __udivsi3
                0x08000234                __aeabi_uidivmod
 .text          0x0800023c      0x1d4 C:/ST/STM32CubeIDE_1.18.1/STM32CubeIDE/plugins/com.st.stm32cube.ide.mcu.externaltools.gnu-tools-for-stm32.14.3.rel1.win32_1.0.100.202602081740/tools/bin/../lib/gcc/arm-none-eabi/14.3.1/thumb/v6-m/nofp\libgcc.a(_divsi3.o)
                0x0800023c                __divsi3
                0x0800023c                __aeabi_idiv
                0x08000408                __aeabi_idivmod
 .text          0x08000410        0x4 C:/ST/STM32CubeIDE_1.18.1/STM32CubeIDE/plugins/com.st.stm32cube.ide.mcu.externaltools.gnu-tools-for-stm32.14.3.rel1.win32_1.0.100.202602081740/tools/bin/../lib/gcc/arm-none-eabi/14.3.1/thumb/v6-m/nofp\libgcc.a(_dvmd_tls.o)
                0x08000410                __aeabi_idiv0
                0x08000410                __aeabi_ldiv0
 .text          0x08000414       0x7c C:/ST/STM32CubeIDE_1.18.1/STM32CubeIDE/plugins/com.st.stm32cube.ide.mcu.externaltools.gnu-tools-for-stm32.14.3.rel1.win32_1.0.100.202602081740/tools/bin/../lib/gcc/arm-none-eabi/14.3.1/thumb/v6-m/nofp\libgcc.a(_arm_cmpdf2.o)
                0x08000414                __aeabi_cdrcmple
                0x08000424                __aeabi_cdcmple
                0x08000424                __aeabi_cdcmpeq
                0x08000434                __aeabi_dcmpeq
                0x08000440                __aeabi_dcmplt
                0x08000454                __aeabi_dcmple
                0x08000468                __aeabi_dcmpgt
                0x0800047c                __aeabi_dcmpge
 .text          0x08000490       0x74 C:/ST/STM32CubeIDE_1.18.1/STM32CubeIDE/plugins/com.st.stm32cube.ide.mcu.externaltools.gnu-tools-for-stm32.14.3.rel1.win32_1.0.100.202602081740/tools/bin/../lib/gcc/arm-none-eabi/14.3.1/thumb/v6-m/nofp\libgcc.a(_arm_cmpsf2.o)
                0x08000490                __aeabi_cfrcmple
                0x08000498                __aeabi_cfcmpeq
                0x08000498                __aeabi_cfcmple
                0x080004a8                __aeabi_fcmpeq
                0x080004b4                __aeabi_fcmplt
                0x080004c8                __aeabi_fcmple
                0x080004dc                __aeabi_fcmpgt
                0x080004f0                __aeabi_fcmpge
 .text          0x08000504       0x40 C:/ST/STM32CubeIDE_1.18.1/STM32CubeIDE/plugins/com.st.stm32cube.ide.mcu.externaltools.gnu-tools-for-stm32.14.3.rel1.win32_1.0.100.202602081740/tools/bin/../lib/gcc/arm-none-eabi/14.3.1/thumb/v6-m/nofp\libgcc.a(_aeabi_uldivmod.o)
                0x08000504                __aeabi_uldivmod
 .text          0x08000544       0x30 C:/ST/STM32CubeIDE_1.18.1/STM32CubeIDE/plugins/com.st.stm32cube.ide.mcu.externaltools.gnu-tools-for-stm32.14.3.rel1.win32_1.0.100.202602081740/tools/bin/../lib/gcc/arm-none-eabi/14.3.1/thumb/v6-m/nofp\libgcc.a(_fixunssfsi.o)
                0x08000544                __fixunssfsi
                0x08000544                __aeabi_f2uiz
 .text          0x08000574      0x198 C:/ST/STM32CubeIDE_1.18.1/STM32CubeIDE/plugins/com.st.stm32cube.ide.mcu.externaltools.gnu-tools-for-stm32.14.3.rel1.win32_1.0.100.202602081740/tools/bin/../lib/gcc/arm-none-eabi/14.3.1/thumb/v6-m/nofp\libgcc.a(_udivmoddi4.o)
                0x08000574                __udivmoddi4
 .text          0x0800070c      0x41c C:/ST/STM32CubeIDE_1.18.1/STM32CubeIDE/plugins/com.st.stm32cube.ide.mcu.externaltools.gnu-tools-for-stm32.14.3.rel1.win32_1.0.100.202602081740/tools/bin/../lib/gcc/arm-none-eabi/14.3.1/thumb/v6-m/nofp\libgcc.a(addsf3.o)
                0x0800070c                __aeabi_fadd
 .text          0x08000b28      0x22c C:/ST/STM32CubeIDE_1.18.1/STM32CubeIDE/plugins/com.st.stm32cube.ide.mcu.externaltools.gnu-tools-for-stm32.14.3.rel1.win32_1.0.100.202602081740/tools/bin/../lib/gcc/arm-none-eabi/14.3.1/thumb/v6-m/nofp\libgcc.a(divsf3.o)
                0x08000b28                __aeabi_fdiv
 .text          0x08000d54       0x50 C:/ST/STM32CubeIDE_1.18.1/STM32CubeIDE/plugins/com.st.stm32cube.ide.mcu.externaltools.gnu-tools-for-stm32.14.3.rel1.win32_1.0.100.202602081740/tools/bin/../lib/gcc/arm-none-eabi/14.3.1/thumb/v6-m/nofp\libgcc.a(eqsf2.o)
                0x08000d54                __eqsf2
                0x08000d54                __nesf2
 .text          0x08000da4       0x90 C:/ST/STM32CubeIDE_1.18.1/STM32CubeIDE/plugins/com.st.stm32cube.ide.mcu.externaltools.gnu-tools-for-stm32.14.3.rel1.win32_1.0.100.202602081740/tools/bin/../lib/gcc/arm-none-eabi/14.3.1/thumb/v6-m/nofp\libgcc.a(gesf2.o)
                0x08000da4                __gesf2
                0x08000da4                __gtsf2
 .text          0x08000e34       0x90 C:/ST/STM32CubeIDE_1.18.1/STM32CubeIDE/plugins/com.st.stm32cube.ide.mcu.externaltools.gnu-tools-for-stm32.14.3.rel1.win32_1.0.100.202602081740/tools/bin/../lib/gcc/arm-none-eabi/14.3.1/thumb/v6-m/nofp\libgcc.a(lesf2.o)
                0x08000e34                __ltsf2
                0x08000e34                __lesf2
 .text          0x08000ec4      0x2a4 C:/ST/STM32CubeIDE_1.18.1/STM32CubeIDE/plugins/com.st.stm32cube.ide.mcu.externaltools.gnu-tools-for-stm32.14.3.rel1.win32_1.0.100.202602081740/tools/bin/../lib/gcc/arm-none-eabi/14.3.1/thumb/v6-m/nofp\libgcc.a(mulsf3.o)
                0x08000ec4                __aeabi_fmul
 .text          0x08001168      0x484 C:/ST/STM32CubeIDE_1.18.1/STM32CubeIDE/plugins/com.st.stm32cube.ide.mcu.externaltools.gnu-tools-for-stm32.14.3.rel1.win32_1.0.100.202602081740/tools/bin/../lib/gcc/arm-none-eabi/14.3.1/thumb/v6-m/nofp\libgcc.a(subsf3.o)
                0x08001168                __aeabi_fsub
 .text          0x080015ec       0x40 C:/ST/STM32CubeIDE_1.18.1/STM32CubeIDE/plugins/com.st.stm32cube.ide.mcu.externaltools.gnu-tools-for-stm32.14.3.rel1.win32_1.0.100.202602081740/tools/bin/../lib/gcc/arm-none-eabi/14.3.1/thumb/v6-m/nofp\libgcc.a(fixsfsi.o)
                0x080015ec                __aeabi_f2iz
 .text          0x0800162c       0xa0 C:/ST/STM32CubeIDE_1.18.1/STM32CubeIDE/plugins/com.st.stm32cube.ide.mcu.externaltools.gnu-tools-for-stm32.14.3.rel1.win32_1.0.100.202602081740/tools/bin/../lib/gcc/arm-none-eabi/14.3.1/thumb/v6-m/nofp\libgcc.a(floatsisf.o)
                0x0800162c                __aeabi_i2f
 .text          0x080016cc       0x8c C:/ST/STM32CubeIDE_1.18.1/STM32CubeIDE/plugins/com.st.stm32cube.ide.mcu.externaltools.gnu-tools-for-stm32.14.3.rel1.win32_1.0.100.202602081740/tools/bin/../lib/gcc/arm-none-eabi/14.3.1/thumb/v6-m/nofp\libgcc.a(floatunsisf.o)
                0x080016cc                __aeabi_ui2f
 .text          0x08001758      0x834 C:/ST/STM32CubeIDE_1.18.1/STM32CubeIDE/plugins/com.st.stm32cube.ide.mcu.externaltools.gnu-tools-for-stm32.14.3.rel1.win32_1.0.100.202602081740/tools/bin/../lib/gcc/arm-none-eabi/14.3.1/thumb/v6-m/nofp\libgcc.a(adddf3.o)
                0x08001758                __aeabi_dadd
 .text          0x08001f8c      0x63c C:/ST/STM32CubeIDE_1.18.1/STM32CubeIDE/plugins/com.st.stm32cube.ide.mcu.externaltools.gnu-tools-for-stm32.14.3.rel1.win32_1.0.100.202602081740/tools/bin/../lib/gcc/arm-none-eabi/14.3.1/thumb/v6-m/nofp\libgcc.a(divdf3.o)
                0x08001f8c                __aeabi_ddiv
 .text          0x080025c8       0x8c C:/ST/STM32CubeIDE_1.18.1/STM32CubeIDE/plugins/com.st.stm32cube.ide.mcu.externaltools.gnu-tools-for-stm32.14.3.rel1.win32_1.0.100.202602081740/tools/bin/../lib/gcc/arm-none-eabi/14.3.1/thumb/v6-m/nofp\libgcc.a(eqdf2.o)
                0x080025c8                __nedf2
                0x080025c8                __eqdf2
 .text          0x08002654       0xe0 C:/ST/STM32CubeIDE_1.18.1/STM32CubeIDE/plugins/com.st.stm32cube.ide.mcu.externaltools.gnu-tools-for-stm32.14.3.rel1.win32_1.0.100.202602081740/tools/bin/../lib/gcc/arm-none-eabi/14.3.1/thumb/v6-m/nofp\libgcc.a(gedf2.o)
                0x08002654                __gedf2
                0x08002654                __gtdf2
 .text          0x08002734       0xdc C:/ST/STM32CubeIDE_1.18.1/STM32CubeIDE/plugins/com.st.stm32cube.ide.mcu.externaltools.gnu-tools-for-stm32.14.3.rel1.win32_1.0.100.202602081740/tools/bin/../lib/gcc/arm-none-eabi/14.3.1/thumb/v6-m/nofp\libgcc.a(ledf2.o)
                0x08002734                __ledf2
                0x08002734                __ltdf2
 .text          0x08002810      0x590 C:/ST/STM32CubeIDE_1.18.1/STM32CubeIDE/plugins/com.st.stm32cube.ide.mcu.externaltools.gnu-tools-for-stm32.14.3.rel1.win32_1.0.100.202602081740/tools/bin/../lib/gcc/arm-none-eabi/14.3.1/thumb/v6-m/nofp\libgcc.a(muldf3.o)
                0x08002810                __aeabi_dmul
 .text          0x08002da0      0x870 C:/ST/STM32CubeIDE_1.18.1/STM32CubeIDE/plugins/com.st.stm32cube.ide.mcu.externaltools.gnu-tools-for-stm32.14.3.rel1.win32_1.0.100.202602081740/tools/bin/../lib/gcc/arm-none-eabi/14.3.1/thumb/v6-m/nofp\libgcc.a(subdf3.o)
                0x08002da0                __aeabi_dsub
 .text          0x08003610       0x90 C:/ST/STM32CubeIDE_1.18.1/STM32CubeIDE/plugins/com.st.stm32cube.ide.mcu.externaltools.gnu-tools-for-stm32.14.3.rel1.win32_1.0.100.202602081740/tools/bin/../lib/gcc/arm-none-eabi/14.3.1/thumb/v6-m/nofp\libgcc.a(extendsfdf2.o)
                0x08003610                __aeabi_f2d
 .text          0x080036a0      0x110 C:/ST/STM32CubeIDE_1.18.1/STM32CubeIDE/plugins/com.st.stm32cube.ide.mcu.externaltools.gnu-tools-for-stm32.14.3.rel1.win32_1.0.100.202602081740/tools/bin/../lib/gcc/arm-none-eabi/14.3.1/thumb/v6-m/nofp\libgcc.a(truncdfsf2.o)
                0x080036a0                __aeabi_d2f
 .text          0x080037b0       0x3c C:/ST/STM32CubeIDE_1.18.1/STM32CubeIDE/plugins/com.st.stm32cube.ide.mcu.externaltools.gnu-tools-for-stm32.14.3.rel1.win32_1.0.100.202602081740/tools/bin/../lib/gcc/arm-none-eabi/14.3.1/thumb/v6-m/nofp\libgcc.a(_clzsi2.o)
                0x080037b0                __clzsi2
 .text          0x080037ec       0x18 C:/ST/STM32CubeIDE_1.18.1/STM32CubeIDE/plugins/com.st.stm32cube.ide.mcu.externaltools.gnu-tools-for-stm32.14.3.rel1.win32_1.0.100.202602081740/tools/bin/../lib/gcc/arm-none-eabi/14.3.1/thumb/v6-m/nofp\libgcc.a(_clzdi2.o)
                0x080037ec                __clzdi2
 *(.text*)
 .text.DS18B20_Init
                0x08003804       0x60 ./Core/Src/DS18B20.o
                0x08003804                DS18B20_Init
 .text.DS18B20_ReadBit
                0x08003864       0x3c ./Core/Src/DS18B20.o
                0x08003864                DS18B20_ReadBit
 .text.DS18B20_ReadByte
                0x080038a0       0x64 ./Core/Src/DS18B20.o
                0x080038a0                DS18B20_ReadByte
 .text.DS18B20_WriteByte
                0x08003904       0x60 ./Core/Src/DS18B20.o
                0x08003904                DS18B20_WriteByte
 .text.DS18B20_SampleTemp
                0x08003964       0x2c ./Core/Src/DS18B20.o
                0x08003964                DS18B20_SampleTemp
 .text.DS18B20_ReadTemp
                0x08003990       0xb0 ./Core/Src/DS18B20.o
                0x08003990                DS18B20_ReadTemp
 .text.UART_SetBaud
                0x08003a40       0x28 ./Core/Src/DS18B20.o
                0x08003a40                UART_SetBaud
 .text.sample_temperature_sensors
                0x08003a68       0x44 ./Core/Src/DS18B20.o
                0x08003a68                sample_temperature_sensors
 .text.timer_expired
                0x08003aac       0x74 ./Core/Src/DS3231(CLK).o
                0x08003aac                timer_expired
 .text.update_date_time
                0x08003b20       0x70 ./Core/Src/DS3231(CLK).o
                0x08003b20                update_date_time
 .text.DS3231_Init
                0x08003b90       0x34 ./Core/Src/DS3231(CLK).o
                0x08003b90                DS3231_Init
 .text.DS3231_SetRegByte
                0x08003bc4       0x44 ./Core/Src/DS3231(CLK).o
                0x08003bc4                DS3231_SetRegByte
 .text.DS3231_GetRegByte
                0x08003c08       0x48 ./Core/Src/DS3231(CLK).o
                0x08003c08                DS3231_GetRegByte
 .text.DS3231_SetInterruptMode
                0x08003c50       0x4c ./Core/Src/DS3231(CLK).o
                0x08003c50                DS3231_SetInterruptMode
 .text.DS3231_SetRateSelect
                0x08003c9c       0x4c ./Core/Src/DS3231(CLK).o
                0x08003c9c                DS3231_SetRateSelect
 .text.DS3231_EnableAlarm2
                0x08003ce8       0x52 ./Core/Src/DS3231(CLK).o
                0x08003ce8                DS3231_EnableAlarm2
 .text.DS3231_ClearAlarm2Flag
                0x08003d3a       0x34 ./Core/Src/DS3231(CLK).o
                0x08003d3a                DS3231_ClearAlarm2Flag
 .text.DS3231_EnableAlarm1
                0x08003d6e       0x4e ./Core/Src/DS3231(CLK).o
                0x08003d6e                DS3231_EnableAlarm1
 .text.DS3231_ClearAlarm1Flag
                0x08003dbc       0x34 ./Core/Src/DS3231(CLK).o
                0x08003dbc                DS3231_ClearAlarm1Flag
 .text.DS3231_GetDate
                0x08003df0       0x1a ./Core/Src/DS3231(CLK).o
                0x08003df0                DS3231_GetDate
 .text.DS3231_GetMonth
                0x08003e0a       0x22 ./Core/Src/DS3231(CLK).o
                0x08003e0a                DS3231_GetMonth
 .text.DS3231_GetYear
                0x08003e2c       0x50 ./Core/Src/DS3231(CLK).o
                0x08003e2c                DS3231_GetYear
 .text.DS3231_GetHour
                0x08003e7c       0x1a ./Core/Src/DS3231(CLK).o
                0x08003e7c                DS3231_GetHour
 .text.DS3231_GetMinute
                0x08003e96       0x1a ./Core/Src/DS3231(CLK).o
                0x08003e96                DS3231_GetMinute
 .text.DS3231_GetSecond
                0x08003eb0       0x1a ./Core/Src/DS3231(CLK).o
                0x08003eb0                DS3231_GetSecond
 .text.DS3231_SetDate
                0x08003eca       0x28 ./Core/Src/DS3231(CLK).o
                0x08003eca                DS3231_SetDate
 .text.DS3231_SetMonth
                0x08003ef2       0x48 ./Core/Src/DS3231(CLK).o
                0x08003ef2                DS3231_SetMonth
 .text.DS3231_SetYear
                0x08003f3a       0x88 ./Core/Src/DS3231(CLK).o
                0x08003f3a                DS3231_SetYear
 .text.DS3231_SetHour
                0x08003fc2       0x2e ./Core/Src/DS3231(CLK).o
                0x08003fc2                DS3231_SetHour
 .text.DS3231_SetMinute
                0x08003ff0       0x28 ./Core/Src/DS3231(CLK).o
                0x08003ff0                DS3231_SetMinute
 .text.DS3231_SetSecond
                0x08004018       0x28 ./Core/Src/DS3231(CLK).o
                0x08004018                DS3231_SetSecond
 .text.DS3231_DecodeBCD
                0x08004040       0x34 ./Core/Src/DS3231(CLK).o
                0x08004040                DS3231_DecodeBCD
 .text.DS3231_EncodeBCD
                0x08004074       0x3c ./Core/Src/DS3231(CLK).o
                0x08004074                DS3231_EncodeBCD
 .text.LCD_Write12Hour
                0x080040b0       0x5c ./Core/Src/LCD.o
 .text.LCD_SendCommand
                0x0800410c       0x60 ./Core/Src/LCD.o
                0x0800410c                LCD_SendCommand
 .text.LCD_SetContrast
                0x0800416c       0x40 ./Core/Src/LCD.o
                0x0800416c                LCD_SetContrast
 .text.LCD_SetBrightness
                0x080041ac       0x40 ./Core/Src/LCD.o
                0x080041ac                LCD_SetBrightness
 .text.LCD_SetCursor
                0x080041ec       0xa0 ./Core/Src/LCD.o
                0x080041ec                LCD_SetCursor
 .text.LCD_Init
                0x0800428c       0x2e ./Core/Src/LCD.o
                0x0800428c                LCD_Init
 *fill*         0x080042ba        0x2 
 .text.LCD_WriteCharacter
                0x080042bc       0x2c ./Core/Src/LCD.o
                0x080042bc                LCD_WriteCharacter
 .text.LCD_WriteString
                0x080042e8       0x34 ./Core/Src/LCD.o
                0x080042e8                LCD_WriteString
 .text.LCD_ShowIdleOverview
                0x0800431c       0x80 ./Core/Src/LCD.o
                0x0800431c                LCD_ShowIdleOverview
 .text.LCD_ShowIdleCurrentTime
                0x0800439c       0xc8 ./Core/Src/LCD.o
                0x0800439c                LCD_ShowIdleCurrentTime
 .text.LCD_ShowIdleScheduledTime
                0x08004464       0x9c ./Core/Src/LCD.o
                0x08004464                LCD_ShowIdleScheduledTime
 .text.LCD_ShowReservoirCheckScreen
                0x08004500       0x30 ./Core/Src/LCD.o
                0x08004500                LCD_ShowReservoirCheckScreen
 .text.LCD_ShowReservoirProgress
                0x08004530       0x30 ./Core/Src/LCD.o
                0x08004530                LCD_ShowReservoirProgress
 .text.LCD_ShowDrainScreen
                0x08004560       0x84 ./Core/Src/LCD.o
                0x08004560                LCD_ShowDrainScreen
 .text.LCD_ShowHeatingScreen
                0x080045e4       0x58 ./Core/Src/LCD.o
                0x080045e4                LCD_ShowHeatingScreen
 .text.LCD_ShowHeatingTemps
                0x0800463c       0x2e ./Core/Src/LCD.o
                0x0800463c                LCD_ShowHeatingTemps
 *fill*         0x0800466a        0x2 
 .text.LCD_ShowFillScreen
                0x0800466c       0x84 ./Core/Src/LCD.o
                0x0800466c                LCD_ShowFillScreen
 .text.LCD_ShowElapsedTime
                0x080046f0       0x1e ./Core/Src/LCD.o
                0x080046f0                LCD_ShowElapsedTime
 *fill*         0x0800470e        0x2 
 .text.pullCol  0x08004710       0x78 ./Core/Src/keypad.o
 .text.pollRows
                0x08004788       0x68 ./Core/Src/keypad.o
 .text.Keypad_Init
                0x080047f0       0x34 ./Core/Src/keypad.o
                0x080047f0                Keypad_Init
 .text.Keypad_Iterate
                0x08004824       0xdc ./Core/Src/keypad.o
                0x08004824                Keypad_Iterate
 .text.Keypad_ReadDebouncedKeyPress
                0x08004900       0x24 ./Core/Src/keypad.o
                0x08004900                Keypad_ReadDebouncedKeyPress
 .text.Keypad_DebugReadDebouncedKeyPress
                0x08004924       0x14 ./Core/Src/keypad.o
                0x08004924                Keypad_DebugReadDebouncedKeyPress
 .text.main     0x08004938      0x828 ./Core/Src/main.o
                0x08004938                main
 .text.SystemClock_Config
                0x08005160       0x90 ./Core/Src/main.o
                0x08005160                SystemClock_Config
 .text.MX_ADC1_Init
                0x080051f0       0xf4 ./Core/Src/main.o
 .text.MX_I2C1_Init
                0x080052e4       0x80 ./Core/Src/main.o
 .text.MX_TIM2_Init
                0x08005364       0xac ./Core/Src/main.o
 .text.MX_USART1_UART_Init
                0x08005410       0x9c ./Core/Src/main.o
 .text.MX_USART2_UART_Init
                0x080054ac       0x9c ./Core/Src/main.o
 .text.MX_USART3_UART_Init
                0x08005548       0x9c ./Core/Src/main.o
 .text.MX_USART5_UART_Init
                0x080055e4       0x68 ./Core/Src/main.o
 .text.MX_USART6_UART_Init
                0x0800564c       0x68 ./Core/Src/main.o
 .text.MX_DMA_Init
                0x080056b4       0x2c ./Core/Src/main.o
 .text.MX_GPIO_Init
                0x080056e0      0x1a8 ./Core/Src/main.o
 .text.blockForKey
                0x08005888       0x68 ./Core/Src/main.o
                0x08005888                blockForKey
 .text.HAL_TIM_PeriodElapsedCallback
                0x080058f0       0x40 ./Core/Src/main.o
                0x080058f0                HAL_TIM_PeriodElapsedCallback
 .text.Error_Handler
                0x08005930        0xc ./Core/Src/main.o
                0x08005930                Error_Handler
 .text.MCP23017_WriteAB
                0x0800593c       0x60 ./Core/Src/mcp23017.o
 .text.MCP23017_WriteA
                0x0800599c       0x50 ./Core/Src/mcp23017.o
 .text.MCP23017_IO_CONTROL
                0x080059ec       0x34 ./Core/Src/mcp23017.o
                0x080059ec                MCP23017_IO_CONTROL
 .text.MC23017_IOCON_CONFIG
                0x08005a20       0x1e ./Core/Src/mcp23017.o
                0x08005a20                MC23017_IOCON_CONFIG
 .text.MC23017_GPINTEN_CONFIG
                0x08005a3e       0x34 ./Core/Src/mcp23017.o
                0x08005a3e                MC23017_GPINTEN_CONFIG
 .text.MC23017_GPPU_CONFIG
                0x08005a72       0x34 ./Core/Src/mcp23017.o
                0x08005a72                MC23017_GPPU_CONFIG
 .text.MC23017_OLAT_WRITE
                0x08005aa6       0x34 ./Core/Src/mcp23017.o
                0x08005aa6                MC23017_OLAT_WRITE
 .text.MCP23017_Init
                0x08005ada       0xe0 ./Core/Src/mcp23017.o
                0x08005ada                MCP23017_Init
 *fill*         0x08005bba        0x2 
 .text.read_ph  0x08005bbc       0xd0 ./Core/Src/ph.o
                0x08005bbc                read_ph
 .text.outbound_pump_high
                0x08005c8c       0x1c ./Core/Src/physical_controls.o
                0x08005c8c                outbound_pump_high
 .text.outbound_pump_low
                0x08005ca8       0x1c ./Core/Src/physical_controls.o
                0x08005ca8                outbound_pump_low
 .text.inbound_pump_high
                0x08005cc4       0x1c ./Core/Src/physical_controls.o
                0x08005cc4                inbound_pump_high
 .text.inbound_pump_low
                0x08005ce0       0x1c ./Core/Src/physical_controls.o
                0x08005ce0                inbound_pump_low
 .text.heater_high
                0x08005cfc       0x1c ./Core/Src/physical_controls.o
                0x08005cfc                heater_high
 .text.heater_low
                0x08005d18       0x1c ./Core/Src/physical_controls.o
                0x08005d18                heater_low
 .text.fan_high
                0x08005d34       0x1c ./Core/Src/physical_controls.o
                0x08005d34                fan_high
 .text.fan_low  0x08005d50       0x1c ./Core/Src/physical_controls.o
                0x08005d50                fan_low
 .text.circulating_pump_high
                0x08005d6c       0x1c ./Core/Src/physical_controls.o
                0x08005d6c                circulating_pump_high
 .text.circulating_pump_low
                0x08005d88       0x1c ./Core/Src/physical_controls.o
                0x08005d88                circulating_pump_low
 .text.num_to_char_2
                0x08005da4       0x4c ./Core/Src/state_logic.o
                0x08005da4                num_to_char_2
 .text.num_to_char_4
                0x08005df0       0x90 ./Core/Src/state_logic.o
                0x08005df0                num_to_char_4
 .text.state_enter
                0x08005e80       0x14 ./Core/Src/state_logic.o
                0x08005e80                state_enter
 .text.state_maintain
                0x08005e94       0x14 ./Core/Src/state_logic.o
                0x08005e94                state_maintain
 .text.get_seconds_of_day
                0x08005ea8       0x3c ./Core/Src/state_logic.o
                0x08005ea8                get_seconds_of_day
 .text.idle_state
                0x08005ee4      0x3e0 ./Core/Src/state_logic.o
                0x08005ee4                idle_state
 .text.water_res_state
                0x080062c4      0x184 ./Core/Src/state_logic.o
                0x080062c4                water_res_state
 .text.water_drain_state
                0x08006448      0x138 ./Core/Src/state_logic.o
                0x08006448                water_drain_state
 .text.heating_state
                0x08006580      0x134 ./Core/Src/state_logic.o
                0x08006580                heating_state
 .text.water_fill_state
                0x080066b4      0x254 ./Core/Src/state_logic.o
                0x080066b4                water_fill_state
 .text.sched_curr_time
                0x08006908       0x88 ./Core/Src/state_machine.o
                0x08006908                sched_curr_time
 .text.update_schedule
                0x08006990      0x140 ./Core/Src/state_machine.o
                0x08006990                update_schedule
 .text.is_flag_high
                0x08006ad0       0x70 ./Core/Src/state_machine.o
                0x08006ad0                is_flag_high
 .text.handle_water_state
                0x08006b40       0x44 ./Core/Src/state_machine.o
                0x08006b40                handle_water_state
 .text.HAL_MspInit
                0x08006b84       0x50 ./Core/Src/stm32g0xx_hal_msp.o
                0x08006b84                HAL_MspInit
 .text.HAL_ADC_MspInit
                0x08006bd4       0xe8 ./Core/Src/stm32g0xx_hal_msp.o
                0x08006bd4                HAL_ADC_MspInit
 .text.HAL_I2C_MspInit
                0x08006cbc       0xc4 ./Core/Src/stm32g0xx_hal_msp.o
                0x08006cbc                HAL_I2C_MspInit
 .text.HAL_TIM_Base_MspInit
                0x08006d80       0x48 ./Core/Src/stm32g0xx_hal_msp.o
                0x08006d80                HAL_TIM_Base_MspInit
 .text.HAL_UART_MspInit
                0x08006dc8      0x2c8 ./Core/Src/stm32g0xx_hal_msp.o
                0x08006dc8                HAL_UART_MspInit
 .text.HAL_UART_MspDeInit
                0x08007090       0xf4 ./Core/Src/stm32g0xx_hal_msp.o
                0x08007090                HAL_UART_MspDeInit
 .text.NMI_Handler
                0x08007184        0x8 ./Core/Src/stm32g0xx_it.o
                0x08007184                NMI_Handler
 .text.HardFault_Handler
                0x0800718c        0x8 ./Core/Src/stm32g0xx_it.o
                0x0800718c                HardFault_Handler
 .text.SVC_Handler
                0x08007194        0xa ./Core/Src/stm32g0xx_it.o
                0x08007194                SVC_Handler
 .text.PendSV_Handler
                0x0800719e        0xa ./Core/Src/stm32g0xx_it.o
                0x0800719e                PendSV_Handler
 .text.SysTick_Handler
                0x080071a8        0xe ./Core/Src/stm32g0xx_it.o
                0x080071a8                SysTick_Handler
 *fill*         0x080071b6        0x2 
 .text.TIM2_IRQHandler
                0x080071b8       0x18 ./Core/Src/stm32g0xx_it.o
                0x080071b8                TIM2_IRQHandler
 .text._sbrk    0x080071d0       0x6c ./Core/Src/sysmem.o
                0x080071d0                _sbrk
 .text.SystemInit
                0x0800723c        0xa ./Core/Src/system_stm32g0xx.o
                0x0800723c                SystemInit
 *fill*         0x08007246        0x2 
 .text.check_turbidity
                0x08007248       0xcc ./Core/Src/turbidity.o
                0x08007248                check_turbidity
 .text.turbidity_to_voltage
                0x08007314       0x5c ./Core/Src/turbidity.o
                0x08007314                turbidity_to_voltage
 .text.readN    0x08007370       0x5a ./Core/Src/waterlevel_us.o
                0x08007370                readN
 .text.wl_get_distance
                0x080073ca       0xa2 ./Core/Src/waterlevel_us.o
                0x080073ca                wl_get_distance
 .text.read_water_level
                0x0800746c       0x6c ./Core/Src/waterlevel_us.o
                0x0800746c                read_water_level
 .text.Reset_Handler
                0x080074d8       0x50 ./Core/Startup/startup_stm32g0b1retx.o
                0x080074d8                Reset_Handler
 .text.Default_Handler
                0x08007528        0x2 ./Core/Startup/startup_stm32g0b1retx.o
                0x08007528                I2C2_3_IRQHandler
                0x08007528                USART3_4_5_6_LPUART1_IRQHandler
                0x08007528                TIM1_CC_IRQHandler
                0x08007528                ADC1_COMP_IRQHandler
                0x08007528                I2C1_IRQHandler
                0x08007528                TIM7_LPTIM2_IRQHandler
                0x08007528                TIM17_FDCAN_IT1_IRQHandler
                0x08007528                DMA1_Ch4_7_DMA2_Ch1_5_DMAMUX1_OVR_IRQHandler
                0x08007528                RCC_CRS_IRQHandler
                0x08007528                RTC_TAMP_IRQHandler
                0x08007528                SPI1_IRQHandler
                0x08007528                USB_UCPD1_2_IRQHandler
                0x08007528                EXTI2_3_IRQHandler
                0x08007528                USART2_LPUART2_IRQHandler
                0x08007528                PVD_VDDIO2_IRQHandler
                0x08007528                EXTI4_15_IRQHandler
                0x08007528                DMA1_Channel1_IRQHandler
                0x08007528                Default_Handler
                0x08007528                CEC_IRQHandler
                0x08007528                TIM14_IRQHandler
                0x08007528                TIM15_IRQHandler
                0x08007528                TIM3_TIM4_IRQHandler
                0x08007528                EXTI0_1_IRQHandler
                0x08007528                SPI2_3_IRQHandler
                0x08007528                TIM6_DAC_LPTIM1_IRQHandler
                0x08007528                WWDG_IRQHandler
                0x08007528                DMA1_Channel2_3_IRQHandler
                0x08007528                FLASH_IRQHandler
                0x08007528                USART1_IRQHandler
                0x08007528                TIM16_FDCAN_IT0_IRQHandler
                0x08007528                TIM1_BRK_UP_TRG_COM_IRQHandler
 *fill*         0x0800752a        0x2 
 .text.HAL_Init
                0x0800752c       0x40 ./Drivers/STM32G0xx_HAL_Driver/Src/stm32g0xx_hal.o
                0x0800752c                HAL_Init
 .text.HAL_InitTick
                0x0800756c       0x94 ./Drivers/STM32G0xx_HAL_Driver/Src/stm32g0xx_hal.o
                0x0800756c                HAL_InitTick
 .text.HAL_IncTick
                0x08007600       0x24 ./Drivers/STM32G0xx_HAL_Driver/Src/stm32g0xx_hal.o
                0x08007600                HAL_IncTick
 .text.HAL_GetTick
                0x08007624       0x14 ./Drivers/STM32G0xx_HAL_Driver/Src/stm32g0xx_hal.o
                0x08007624                HAL_GetTick
 .text.HAL_Delay
                0x08007638       0x48 ./Drivers/STM32G0xx_HAL_Driver/Src/stm32g0xx_hal.o
                0x08007638                HAL_Delay
 .text.HAL_SYSCFG_StrobeDBattpinsConfig
                0x08007680       0x2c ./Drivers/STM32G0xx_HAL_Driver/Src/stm32g0xx_hal.o
                0x08007680                HAL_SYSCFG_StrobeDBattpinsConfig
 .text.LL_ADC_SetCommonPathInternalCh
                0x080076ac       0x28 ./Drivers/STM32G0xx_HAL_Driver/Src/stm32g0xx_hal_adc.o
 .text.LL_ADC_GetCommonPathInternalCh
                0x080076d4       0x1a ./Drivers/STM32G0xx_HAL_Driver/Src/stm32g0xx_hal_adc.o
 .text.LL_ADC_SetSamplingTimeCommonChannels
                0x080076ee       0x3a ./Drivers/STM32G0xx_HAL_Driver/Src/stm32g0xx_hal_adc.o
 .text.LL_ADC_GetSamplingTimeCommonChannels
                0x08007728       0x2e ./Drivers/STM32G0xx_HAL_Driver/Src/stm32g0xx_hal_adc.o
 .text.LL_ADC_REG_IsTriggerSourceSWStart
                0x08007756       0x22 ./Drivers/STM32G0xx_HAL_Driver/Src/stm32g0xx_hal_adc.o
 .text.LL_ADC_REG_SetSequencerRanks
                0x08007778       0x40 ./Drivers/STM32G0xx_HAL_Driver/Src/stm32g0xx_hal_adc.o
 .text.LL_ADC_REG_SetSequencerChAdd
                0x080077b8       0x22 ./Drivers/STM32G0xx_HAL_Driver/Src/stm32g0xx_hal_adc.o
 .text.LL_ADC_REG_SetSequencerChRem
                0x080077da       0x24 ./Drivers/STM32G0xx_HAL_Driver/Src/stm32g0xx_hal_adc.o
 *fill*         0x080077fe        0x2 
 .text.LL_ADC_SetChannelSamplingTime
                0x08007800       0x38 ./Drivers/STM32G0xx_HAL_Driver/Src/stm32g0xx_hal_adc.o
 .text.LL_ADC_EnableInternalRegulator
                0x08007838       0x28 ./Drivers/STM32G0xx_HAL_Driver/Src/stm32g0xx_hal_adc.o
 .text.LL_ADC_IsInternalRegulatorEnabled
                0x08007860       0x28 ./Drivers/STM32G0xx_HAL_Driver/Src/stm32g0xx_hal_adc.o
 .text.LL_ADC_Enable
                0x08007888       0x24 ./Drivers/STM32G0xx_HAL_Driver/Src/stm32g0xx_hal_adc.o
 .text.LL_ADC_Disable
                0x080078ac       0x24 ./Drivers/STM32G0xx_HAL_Driver/Src/stm32g0xx_hal_adc.o
 .text.LL_ADC_IsEnabled
                0x080078d0       0x22 ./Drivers/STM32G0xx_HAL_Driver/Src/stm32g0xx_hal_adc.o
 .text.LL_ADC_IsDisableOngoing
                0x080078f2       0x22 ./Drivers/STM32G0xx_HAL_Driver/Src/stm32g0xx_hal_adc.o
 .text.LL_ADC_REG_StartConversion
                0x08007914       0x24 ./Drivers/STM32G0xx_HAL_Driver/Src/stm32g0xx_hal_adc.o
 .text.LL_ADC_REG_IsConversionOngoing
                0x08007938       0x22 ./Drivers/STM32G0xx_HAL_Driver/Src/stm32g0xx_hal_adc.o
 *fill*         0x0800795a        0x2 
 .text.HAL_ADC_Init
                0x0800795c      0x350 ./Drivers/STM32G0xx_HAL_Driver/Src/stm32g0xx_hal_adc.o
                0x0800795c                HAL_ADC_Init
 .text.HAL_ADC_Start_DMA
                0x08007cac      0x11c ./Drivers/STM32G0xx_HAL_Driver/Src/stm32g0xx_hal_adc.o
                0x08007cac                HAL_ADC_Start_DMA
 .text.HAL_ADC_ConvCpltCallback
                0x08007dc8       0x10 ./Drivers/STM32G0xx_HAL_Driver/Src/stm32g0xx_hal_adc.o
                0x08007dc8                HAL_ADC_ConvCpltCallback
 .text.HAL_ADC_ConvHalfCpltCallback
                0x08007dd8       0x10 ./Drivers/STM32G0xx_HAL_Driver/Src/stm32g0xx_hal_adc.o
                0x08007dd8                HAL_ADC_ConvHalfCpltCallback
 .text.HAL_ADC_ErrorCallback
                0x08007de8       0x10 ./Drivers/STM32G0xx_HAL_Driver/Src/stm32g0xx_hal_adc.o
                0x08007de8                HAL_ADC_ErrorCallback
 .text.HAL_ADC_ConfigChannel
                0x08007df8      0x3b0 ./Drivers/STM32G0xx_HAL_Driver/Src/stm32g0xx_hal_adc.o
                0x08007df8                HAL_ADC_ConfigChannel
 .text.ADC_Enable
                0x080081a8      0x10c ./Drivers/STM32G0xx_HAL_Driver/Src/stm32g0xx_hal_adc.o
                0x080081a8                ADC_Enable
 .text.ADC_Disable
                0x080082b4       0xbc ./Drivers/STM32G0xx_HAL_Driver/Src/stm32g0xx_hal_adc.o
                0x080082b4                ADC_Disable
 .text.ADC_DMAConvCplt
                0x08008370       0xc8 ./Drivers/STM32G0xx_HAL_Driver/Src/stm32g0xx_hal_adc.o
 .text.ADC_DMAHalfConvCplt
                0x08008438       0x1e ./Drivers/STM32G0xx_HAL_Driver/Src/stm32g0xx_hal_adc.o
 .text.ADC_DMAError
                0x08008456       0x36 ./Drivers/STM32G0xx_HAL_Driver/Src/stm32g0xx_hal_adc.o
 .text.LL_ADC_GetCommonClock
                0x0800848c       0x1a ./Drivers/STM32G0xx_HAL_Driver/Src/stm32g0xx_hal_adc_ex.o
 .text.LL_ADC_GetClock
                0x080084a6       0x18 ./Drivers/STM32G0xx_HAL_Driver/Src/stm32g0xx_hal_adc_ex.o
 .text.LL_ADC_SetCalibrationFactor
                0x080084be       0x28 ./Drivers/STM32G0xx_HAL_Driver/Src/stm32g0xx_hal_adc_ex.o
 .text.LL_ADC_GetCalibrationFactor
                0x080084e6       0x1a ./Drivers/STM32G0xx_HAL_Driver/Src/stm32g0xx_hal_adc_ex.o
 .text.LL_ADC_Enable
                0x08008500       0x24 ./Drivers/STM32G0xx_HAL_Driver/Src/stm32g0xx_hal_adc_ex.o
 .text.LL_ADC_Disable
                0x08008524       0x24 ./Drivers/STM32G0xx_HAL_Driver/Src/stm32g0xx_hal_adc_ex.o
 .text.LL_ADC_IsEnabled
                0x08008548       0x22 ./Drivers/STM32G0xx_HAL_Driver/Src/stm32g0xx_hal_adc_ex.o
 *fill*         0x0800856a        0x2 
 .text.LL_ADC_StartCalibration
                0x0800856c       0x28 ./Drivers/STM32G0xx_HAL_Driver/Src/stm32g0xx_hal_adc_ex.o
 .text.LL_ADC_IsCalibrationOnGoing
                0x08008594       0x26 ./Drivers/STM32G0xx_HAL_Driver/Src/stm32g0xx_hal_adc_ex.o
 *fill*         0x080085ba        0x2 
 .text.HAL_ADCEx_Calibration_Start
                0x080085bc      0x1f8 ./Drivers/STM32G0xx_HAL_Driver/Src/stm32g0xx_hal_adc_ex.o
                0x080085bc                HAL_ADCEx_Calibration_Start
 .text.__NVIC_EnableIRQ
                0x080087b4       0x34 ./Drivers/STM32G0xx_HAL_Driver/Src/stm32g0xx_hal_cortex.o
 .text.__NVIC_SetPriority
                0x080087e8       0xdc ./Drivers/STM32G0xx_HAL_Driver/Src/stm32g0xx_hal_cortex.o
 .text.SysTick_Config
                0x080088c4       0x48 ./Drivers/STM32G0xx_HAL_Driver/Src/stm32g0xx_hal_cortex.o
 .text.HAL_NVIC_SetPriority
                0x0800890c       0x2a ./Drivers/STM32G0xx_HAL_Driver/Src/stm32g0xx_hal_cortex.o
                0x0800890c                HAL_NVIC_SetPriority
 .text.HAL_NVIC_EnableIRQ
                0x08008936       0x20 ./Drivers/STM32G0xx_HAL_Driver/Src/stm32g0xx_hal_cortex.o
                0x08008936                HAL_NVIC_EnableIRQ
 .text.HAL_SYSTICK_Config
                0x08008956       0x1a ./Drivers/STM32G0xx_HAL_Driver/Src/stm32g0xx_hal_cortex.o
                0x08008956                HAL_SYSTICK_Config
 .text.HAL_DMA_Init
                0x08008970      0x158 ./Drivers/STM32G0xx_HAL_Driver/Src/stm32g0xx_hal_dma.o
                0x08008970                HAL_DMA_Init
 .text.HAL_DMA_Start_IT
                0x08008ac8      0x10c ./Drivers/STM32G0xx_HAL_Driver/Src/stm32g0xx_hal_dma.o
                0x08008ac8                HAL_DMA_Start_IT
 .text.DMA_SetConfig
                0x08008bd4       0x78 ./Drivers/STM32G0xx_HAL_Driver/Src/stm32g0xx_hal_dma.o
 .text.DMA_CalcDMAMUXChannelBaseAndMask
                0x08008c4c       0x94 ./Drivers/STM32G0xx_HAL_Driver/Src/stm32g0xx_hal_dma.o
 .text.DMA_CalcDMAMUXRequestGenBaseAndMask
                0x08008ce0       0x48 ./Drivers/STM32G0xx_HAL_Driver/Src/stm32g0xx_hal_dma.o
 .text.HAL_GPIO_Init
                0x08008d28      0x2d8 ./Drivers/STM32G0xx_HAL_Driver/Src/stm32g0xx_hal_gpio.o
                0x08008d28                HAL_GPIO_Init
 .text.HAL_GPIO_DeInit
                0x08009000      0x1b0 ./Drivers/STM32G0xx_HAL_Driver/Src/stm32g0xx_hal_gpio.o
                0x08009000                HAL_GPIO_DeInit
 .text.HAL_GPIO_ReadPin
                0x080091b0       0x3a ./Drivers/STM32G0xx_HAL_Driver/Src/stm32g0xx_hal_gpio.o
                0x080091b0                HAL_GPIO_ReadPin
 .text.HAL_GPIO_WritePin
                0x080091ea       0x3a ./Drivers/STM32G0xx_HAL_Driver/Src/stm32g0xx_hal_gpio.o
                0x080091ea                HAL_GPIO_WritePin
 .text.HAL_I2C_Init
                0x08009224      0x14c ./Drivers/STM32G0xx_HAL_Driver/Src/stm32g0xx_hal_i2c.o
                0x08009224                HAL_I2C_Init
 .text.HAL_I2C_Master_Transmit
                0x08009370      0x254 ./Drivers/STM32G0xx_HAL_Driver/Src/stm32g0xx_hal_i2c.o
                0x08009370                HAL_I2C_Master_Transmit
 .text.HAL_I2C_Master_Receive
                0x080095c4      0x210 ./Drivers/STM32G0xx_HAL_Driver/Src/stm32g0xx_hal_i2c.o
                0x080095c4                HAL_I2C_Master_Receive
 .text.HAL_I2C_Mem_Write
                0x080097d4      0x25c ./Drivers/STM32G0xx_HAL_Driver/Src/stm32g0xx_hal_i2c.o
                0x080097d4                HAL_I2C_Mem_Write
 .text.HAL_I2C_IsDeviceReady
                0x08009a30      0x1f8 ./Drivers/STM32G0xx_HAL_Driver/Src/stm32g0xx_hal_i2c.o
                0x08009a30                HAL_I2C_IsDeviceReady
 .text.I2C_RequestMemoryWrite
                0x08009c28       0xc8 ./Drivers/STM32G0xx_HAL_Driver/Src/stm32g0xx_hal_i2c.o
 .text.I2C_Flush_TXDR
                0x08009cf0       0x44 ./Drivers/STM32G0xx_HAL_Driver/Src/stm32g0xx_hal_i2c.o
 .text.I2C_WaitOnFlagUntilTimeout
                0x08009d34       0xb0 ./Drivers/STM32G0xx_HAL_Driver/Src/stm32g0xx_hal_i2c.o
 .text.I2C_WaitOnTXISFlagUntilTimeout
                0x08009de4       0x8c ./Drivers/STM32G0xx_HAL_Driver/Src/stm32g0xx_hal_i2c.o
 .text.I2C_WaitOnSTOPFlagUntilTimeout
                0x08009e70       0x86 ./Drivers/STM32G0xx_HAL_Driver/Src/stm32g0xx_hal_i2c.o
 *fill*         0x08009ef6        0x2 
 .text.I2C_WaitOnRXNEFlagUntilTimeout
                0x08009ef8      0x13c ./Drivers/STM32G0xx_HAL_Driver/Src/stm32g0xx_hal_i2c.o
 .text.I2C_IsErrorOccurred
                0x0800a034      0x1f0 ./Drivers/STM32G0xx_HAL_Driver/Src/stm32g0xx_hal_i2c.o
 .text.I2C_TransferConfig
                0x0800a224       0x74 ./Drivers/STM32G0xx_HAL_Driver/Src/stm32g0xx_hal_i2c.o
 .text.HAL_I2CEx_ConfigAnalogFilter
                0x0800a298       0x98 ./Drivers/STM32G0xx_HAL_Driver/Src/stm32g0xx_hal_i2c_ex.o
                0x0800a298                HAL_I2CEx_ConfigAnalogFilter
 .text.HAL_I2CEx_ConfigDigitalFilter
                0x0800a330       0x98 ./Drivers/STM32G0xx_HAL_Driver/Src/stm32g0xx_hal_i2c_ex.o
                0x0800a330                HAL_I2CEx_ConfigDigitalFilter
 .text.HAL_PWREx_ControlVoltageScaling
                0x0800a3c8       0x80 ./Drivers/STM32G0xx_HAL_Driver/Src/stm32g0xx_hal_pwr_ex.o
                0x0800a3c8                HAL_PWREx_ControlVoltageScaling
 .text.LL_RCC_GetAPB1Prescaler
                0x0800a448       0x18 ./Drivers/STM32G0xx_HAL_Driver/Src/stm32g0xx_hal_rcc.o
 .text.HAL_RCC_OscConfig
                0x0800a460      0x6c0 ./Drivers/STM32G0xx_HAL_Driver/Src/stm32g0xx_hal_rcc.o
                0x0800a460                HAL_RCC_OscConfig
 .text.HAL_RCC_ClockConfig
                0x0800ab20      0x210 ./Drivers/STM32G0xx_HAL_Driver/Src/stm32g0xx_hal_rcc.o
                0x0800ab20                HAL_RCC_ClockConfig
 .text.HAL_RCC_GetSysClockFreq
                0x0800ad30      0x104 ./Drivers/STM32G0xx_HAL_Driver/Src/stm32g0xx_hal_rcc.o
                0x0800ad30                HAL_RCC_GetSysClockFreq
 .text.HAL_RCC_GetHCLKFreq
                0x0800ae34       0x14 ./Drivers/STM32G0xx_HAL_Driver/Src/stm32g0xx_hal_rcc.o
                0x0800ae34                HAL_RCC_GetHCLKFreq
 .text.HAL_RCC_GetPCLK1Freq
                0x0800ae48       0x2c ./Drivers/STM32G0xx_HAL_Driver/Src/stm32g0xx_hal_rcc.o
                0x0800ae48                HAL_RCC_GetPCLK1Freq
 .text.HAL_RCCEx_PeriphCLKConfig
                0x0800ae74      0x478 ./Drivers/STM32G0xx_HAL_Driver/Src/stm32g0xx_hal_rcc_ex.o
                0x0800ae74                HAL_RCCEx_PeriphCLKConfig
 .text.HAL_TIM_Base_Init
                0x0800b2ec       0xb0 ./Drivers/STM32G0xx_HAL_Driver/Src/stm32g0xx_hal_tim.o
                0x0800b2ec                HAL_TIM_Base_Init
 .text.HAL_TIM_Base_Start_IT
                0x0800b39c       0xc4 ./Drivers/STM32G0xx_HAL_Driver/Src/stm32g0xx_hal_tim.o
                0x0800b39c                HAL_TIM_Base_Start_IT
 .text.HAL_TIM_IRQHandler
                0x0800b460      0x210 ./Drivers/STM32G0xx_HAL_Driver/Src/stm32g0xx_hal_tim.o
                0x0800b460                HAL_TIM_IRQHandler
 .text.HAL_TIM_ConfigClockSource
                0x0800b670      0x1ac ./Drivers/STM32G0xx_HAL_Driver/Src/stm32g0xx_hal_tim.o
                0x0800b670                HAL_TIM_ConfigClockSource
 .text.HAL_TIM_OC_DelayElapsedCallback
                0x0800b81c       0x10 ./Drivers/STM32G0xx_HAL_Driver/Src/stm32g0xx_hal_tim.o
                0x0800b81c                HAL_TIM_OC_DelayElapsedCallback
 .text.HAL_TIM_IC_CaptureCallback
                0x0800b82c       0x10 ./Drivers/STM32G0xx_HAL_Driver/Src/stm32g0xx_hal_tim.o
                0x0800b82c                HAL_TIM_IC_CaptureCallback
 .text.HAL_TIM_PWM_PulseFinishedCallback
                0x0800b83c       0x10 ./Drivers/STM32G0xx_HAL_Driver/Src/stm32g0xx_hal_tim.o
                0x0800b83c                HAL_TIM_PWM_PulseFinishedCallback
 .text.HAL_TIM_TriggerCallback
                0x0800b84c       0x10 ./Drivers/STM32G0xx_HAL_Driver/Src/stm32g0xx_hal_tim.o
                0x0800b84c                HAL_TIM_TriggerCallback
 .text.TIM_Base_SetConfig
                0x0800b85c      0x130 ./Drivers/STM32G0xx_HAL_Driver/Src/stm32g0xx_hal_tim.o
                0x0800b85c                TIM_Base_SetConfig
 .text.TIM_TI1_ConfigInputStage
                0x0800b98c       0x5c ./Drivers/STM32G0xx_HAL_Driver/Src/stm32g0xx_hal_tim.o
 .text.TIM_TI2_ConfigInputStage
                0x0800b9e8       0x64 ./Drivers/STM32G0xx_HAL_Driver/Src/stm32g0xx_hal_tim.o
 .text.TIM_ITRx_SetConfig
                0x0800ba4c       0x38 ./Drivers/STM32G0xx_HAL_Driver/Src/stm32g0xx_hal_tim.o
 .text.TIM_ETR_SetConfig
                0x0800ba84       0x40 ./Drivers/STM32G0xx_HAL_Driver/Src/stm32g0xx_hal_tim.o
                0x0800ba84                TIM_ETR_SetConfig
 .text.HAL_TIMEx_MasterConfigSynchronization
                0x0800bac4       0xec ./Drivers/STM32G0xx_HAL_Driver/Src/stm32g0xx_hal_tim_ex.o
                0x0800bac4                HAL_TIMEx_MasterConfigSynchronization
 .text.HAL_TIMEx_CommutCallback
                0x0800bbb0       0x10 ./Drivers/STM32G0xx_HAL_Driver/Src/stm32g0xx_hal_tim_ex.o
                0x0800bbb0                HAL_TIMEx_CommutCallback
 .text.HAL_TIMEx_BreakCallback
                0x0800bbc0       0x10 ./Drivers/STM32G0xx_HAL_Driver/Src/stm32g0xx_hal_tim_ex.o
                0x0800bbc0                HAL_TIMEx_BreakCallback
 .text.HAL_TIMEx_Break2Callback
                0x0800bbd0       0x10 ./Drivers/STM32G0xx_HAL_Driver/Src/stm32g0xx_hal_tim_ex.o
                0x0800bbd0                HAL_TIMEx_Break2Callback
 .text.HAL_UART_Init
                0x0800bbe0       0xac ./Drivers/STM32G0xx_HAL_Driver/Src/stm32g0xx_hal_uart.o
                0x0800bbe0                HAL_UART_Init
 .text.HAL_HalfDuplex_Init
                0x0800bc8c       0xbc ./Drivers/STM32G0xx_HAL_Driver/Src/stm32g0xx_hal_uart.o
                0x0800bc8c                HAL_HalfDuplex_Init
 .text.HAL_UART_DeInit
                0x0800bd48       0x80 ./Drivers/STM32G0xx_HAL_Driver/Src/stm32g0xx_hal_uart.o
                0x0800bd48                HAL_UART_DeInit
 .text.HAL_UART_Transmit
                0x0800bdc8      0x148 ./Drivers/STM32G0xx_HAL_Driver/Src/stm32g0xx_hal_uart.o
                0x0800bdc8                HAL_UART_Transmit
 .text.HAL_UART_Receive
                0x0800bf10      0x1cc ./Drivers/STM32G0xx_HAL_Driver/Src/stm32g0xx_hal_uart.o
                0x0800bf10                HAL_UART_Receive
 .text.UART_SetConfig
                0x0800c0dc      0x6ac ./Drivers/STM32G0xx_HAL_Driver/Src/stm32g0xx_hal_uart.o
                0x0800c0dc                UART_SetConfig
 .text.UART_AdvFeatureConfig
                0x0800c788      0x168 ./Drivers/STM32G0xx_HAL_Driver/Src/stm32g0xx_hal_uart.o
                0x0800c788                UART_AdvFeatureConfig
 .text.UART_CheckIdleState
                0x0800c8f0      0x154 ./Drivers/STM32G0xx_HAL_Driver/Src/stm32g0xx_hal_uart.o
                0x0800c8f0                UART_CheckIdleState
 .text.UART_WaitOnFlagUntilTimeout
                0x0800ca44       0xde ./Drivers/STM32G0xx_HAL_Driver/Src/stm32g0xx_hal_uart.o
                0x0800ca44                UART_WaitOnFlagUntilTimeout
 *fill*         0x0800cb22        0x2 
 .text.UART_EndRxTransfer
                0x0800cb24       0xcc ./Drivers/STM32G0xx_HAL_Driver/Src/stm32g0xx_hal_uart.o
 .text.HAL_UARTEx_DisableFifoMode
                0x0800cbf0       0x74 ./Drivers/STM32G0xx_HAL_Driver/Src/stm32g0xx_hal_uart_ex.o
                0x0800cbf0                HAL_UARTEx_DisableFifoMode
 .text.HAL_UARTEx_SetTxFifoThreshold
                0x0800cc64       0x7e ./Drivers/STM32G0xx_HAL_Driver/Src/stm32g0xx_hal_uart_ex.o
                0x0800cc64                HAL_UARTEx_SetTxFifoThreshold
 *fill*         0x0800cce2        0x2 
 .text.HAL_UARTEx_SetRxFifoThreshold
                0x0800cce4       0x84 ./Drivers/STM32G0xx_HAL_Driver/Src/stm32g0xx_hal_uart_ex.o
                0x0800cce4                HAL_UARTEx_SetRxFifoThreshold
 .text.UARTEx_SetNbDataToProcess
                0x0800cd68       0xbc ./Drivers/STM32G0xx_HAL_Driver/Src/stm32g0xx_hal_uart_ex.o
 .text.snprintf
                0x0800ce24       0x68 C:/ST/STM32CubeIDE_1.18.1/STM32CubeIDE/plugins/com.st.stm32cube.ide.mcu.externaltools.gnu-tools-for-stm32.14.3.rel1.win32_1.0.100.202602081740/tools/bin/../lib/gcc/arm-none-eabi/14.3.1/../../../../arm-none-eabi/lib/thumb/v6-m/nofp\libc_nano.a(libc_a-snprintf.o)
                0x0800ce24                sniprintf
                0x0800ce24                snprintf
 .text.sprintf  0x0800ce8c       0x44 C:/ST/STM32CubeIDE_1.18.1/STM32CubeIDE/plugins/com.st.stm32cube.ide.mcu.externaltools.gnu-tools-for-stm32.14.3.rel1.win32_1.0.100.202602081740/tools/bin/../lib/gcc/arm-none-eabi/14.3.1/../../../../arm-none-eabi/lib/thumb/v6-m/nofp\libc_nano.a(libc_a-sprintf.o)
                0x0800ce8c                siprintf
                0x0800ce8c                sprintf
 .text.memset   0x0800ced0       0x10 C:/ST/STM32CubeIDE_1.18.1/STM32CubeIDE/plugins/com.st.stm32cube.ide.mcu.externaltools.gnu-tools-for-stm32.14.3.rel1.win32_1.0.100.202602081740/tools/bin/../lib/gcc/arm-none-eabi/14.3.1/../../../../arm-none-eabi/lib/thumb/v6-m/nofp\libc_nano.a(libc_a-memset.o)
                0x0800ced0                memset
 .text.__errno  0x0800cee0        0xc C:/ST/STM32CubeIDE_1.18.1/STM32CubeIDE/plugins/com.st.stm32cube.ide.mcu.externaltools.gnu-tools-for-stm32.14.3.rel1.win32_1.0.100.202602081740/tools/bin/../lib/gcc/arm-none-eabi/14.3.1/../../../../arm-none-eabi/lib/thumb/v6-m/nofp\libc_nano.a(libc_a-errno.o)
                0x0800cee0                __errno
 .text.__libc_init_array
                0x0800ceec       0x48 C:/ST/STM32CubeIDE_1.18.1/STM32CubeIDE/plugins/com.st.stm32cube.ide.mcu.externaltools.gnu-tools-for-stm32.14.3.rel1.win32_1.0.100.202602081740/tools/bin/../lib/gcc/arm-none-eabi/14.3.1/../../../../arm-none-eabi/lib/thumb/v6-m/nofp\libc_nano.a(libc_a-init.o)
                0x0800ceec                __libc_init_array
 .text.__retarget_lock_acquire_recursive
                0x0800cf34        0x2 C:/ST/STM32CubeIDE_1.18.1/STM32CubeIDE/plugins/com.st.stm32cube.ide.mcu.externaltools.gnu-tools-for-stm32.14.3.rel1.win32_1.0.100.202602081740/tools/bin/../lib/gcc/arm-none-eabi/14.3.1/../../../../arm-none-eabi/lib/thumb/v6-m/nofp\libc_nano.a(libc_a-lock.o)
                0x0800cf34                __retarget_lock_acquire_recursive
 .text.__retarget_lock_release_recursive
                0x0800cf36        0x2 C:/ST/STM32CubeIDE_1.18.1/STM32CubeIDE/plugins/com.st.stm32cube.ide.mcu.externaltools.gnu-tools-for-stm32.14.3.rel1.win32_1.0.100.202602081740/tools/bin/../lib/gcc/arm-none-eabi/14.3.1/../../../../arm-none-eabi/lib/thumb/v6-m/nofp\libc_nano.a(libc_a-lock.o)
                0x0800cf36                __retarget_lock_release_recursive
 .text._free_r  0x0800cf38       0x94 C:/ST/STM32CubeIDE_1.18.1/STM32CubeIDE/plugins/com.st.stm32cube.ide.mcu.externaltools.gnu-tools-for-stm32.14.3.rel1.win32_1.0.100.202602081740/tools/bin/../lib/gcc/arm-none-eabi/14.3.1/../../../../arm-none-eabi/lib/thumb/v6-m/nofp\libc_nano.a(libc_a-freer.o)
                0x0800cf38                _free_r
 .text.sbrk_aligned
                0x0800cfcc       0x44 C:/ST/STM32CubeIDE_1.18.1/STM32CubeIDE/plugins/com.st.stm32cube.ide.mcu.externaltools.gnu-tools-for-stm32.14.3.rel1.win32_1.0.100.202602081740/tools/bin/../lib/gcc/arm-none-eabi/14.3.1/../../../../arm-none-eabi/lib/thumb/v6-m/nofp\libc_nano.a(libc_a-mallocr.o)
 .text._malloc_r
                0x0800d010      0x100 C:/ST/STM32CubeIDE_1.18.1/STM32CubeIDE/plugins/com.st.stm32cube.ide.mcu.externaltools.gnu-tools-for-stm32.14.3.rel1.win32_1.0.100.202602081740/tools/bin/../lib/gcc/arm-none-eabi/14.3.1/../../../../arm-none-eabi/lib/thumb/v6-m/nofp\libc_nano.a(libc_a-mallocr.o)
                0x0800d010                _malloc_r
 .text.__malloc_lock
                0x0800d110       0x10 C:/ST/STM32CubeIDE_1.18.1/STM32CubeIDE/plugins/com.st.stm32cube.ide.mcu.externaltools.gnu-tools-for-stm32.14.3.rel1.win32_1.0.100.202602081740/tools/bin/../lib/gcc/arm-none-eabi/14.3.1/../../../../arm-none-eabi/lib/thumb/v6-m/nofp\libc_nano.a(libc_a-mlock.o)
                0x0800d110                __malloc_lock
 .text.__malloc_unlock
                0x0800d120       0x10 C:/ST/STM32CubeIDE_1.18.1/STM32CubeIDE/plugins/com.st.stm32cube.ide.mcu.externaltools.gnu-tools-for-stm32.14.3.rel1.win32_1.0.100.202602081740/tools/bin/../lib/gcc/arm-none-eabi/14.3.1/../../../../arm-none-eabi/lib/thumb/v6-m/nofp\libc_nano.a(libc_a-mlock.o)
                0x0800d120                __malloc_unlock
 .text.__ssputs_r
                0x0800d130       0xc8 C:/ST/STM32CubeIDE_1.18.1/STM32CubeIDE/plugins/com.st.stm32cube.ide.mcu.externaltools.gnu-tools-for-stm32.14.3.rel1.win32_1.0.100.202602081740/tools/bin/../lib/gcc/arm-none-eabi/14.3.1/../../../../arm-none-eabi/lib/thumb/v6-m/nofp\libc_nano.a(libc_a-nano-svfprintf.o)
                0x0800d130                __ssputs_r
 .text._svfprintf_r
                0x0800d1f8      0x1f4 C:/ST/STM32CubeIDE_1.18.1/STM32CubeIDE/plugins/com.st.stm32cube.ide.mcu.externaltools.gnu-tools-for-stm32.14.3.rel1.win32_1.0.100.202602081740/tools/bin/../lib/gcc/arm-none-eabi/14.3.1/../../../../arm-none-eabi/lib/thumb/v6-m/nofp\libc_nano.a(libc_a-nano-svfprintf.o)
                0x0800d1f8                _svfiprintf_r
                0x0800d1f8                _svfprintf_r
 .text._printf_common
                0x0800d3ec       0xde C:/ST/STM32CubeIDE_1.18.1/STM32CubeIDE/plugins/com.st.stm32cube.ide.mcu.externaltools.gnu-tools-for-stm32.14.3.rel1.win32_1.0.100.202602081740/tools/bin/../lib/gcc/arm-none-eabi/14.3.1/../../../../arm-none-eabi/lib/thumb/v6-m/nofp\libc_nano.a(libc_a-nano-vfprintf_i.o)
                0x0800d3ec                _printf_common
 *fill*         0x0800d4ca        0x2 
 .text._printf_i
                0x0800d4cc      0x218 C:/ST/STM32CubeIDE_1.18.1/STM32CubeIDE/plugins/com.st.stm32cube.ide.mcu.externaltools.gnu-tools-for-stm32.14.3.rel1.win32_1.0.100.202602081740/tools/bin/../lib/gcc/arm-none-eabi/14.3.1/../../../../arm-none-eabi/lib/thumb/v6-m/nofp\libc_nano.a(libc_a-nano-vfprintf_i.o)
                0x0800d4cc                _printf_i
 .text.memmove  0x0800d6e4       0x24 C:/ST/STM32CubeIDE_1.18.1/STM32CubeIDE/plugins/com.st.stm32cube.ide.mcu.externaltools.gnu-tools-for-stm32.14.3.rel1.win32_1.0.100.202602081740/tools/bin/../lib/gcc/arm-none-eabi/14.3.1/../../../../arm-none-eabi/lib/thumb/v6-m/nofp\libc_nano.a(libc_a-memmove.o)
                0x0800d6e4                memmove
 .text._sbrk_r  0x0800d708       0x24 C:/ST/STM32CubeIDE_1.18.1/STM32CubeIDE/plugins/com.st.stm32cube.ide.mcu.externaltools.gnu-tools-for-stm32.14.3.rel1.win32_1.0.100.202602081740/tools/bin/../lib/gcc/arm-none-eabi/14.3.1/../../../../arm-none-eabi/lib/thumb/v6-m/nofp\libc_nano.a(libc_a-sbrkr.o)
                0x0800d708                _sbrk_r
 .text.memchr   0x0800d72c       0x16 C:/ST/STM32CubeIDE_1.18.1/STM32CubeIDE/plugins/com.st.stm32cube.ide.mcu.externaltools.gnu-tools-for-stm32.14.3.rel1.win32_1.0.100.202602081740/tools/bin/../lib/gcc/arm-none-eabi/14.3.1/../../../../arm-none-eabi/lib/thumb/v6-m/nofp\libc_nano.a(libc_a-memchr-stub.o)
                0x0800d72c                memchr
 .text.memcpy   0x0800d742       0x12 C:/ST/STM32CubeIDE_1.18.1/STM32CubeIDE/plugins/com.st.stm32cube.ide.mcu.externaltools.gnu-tools-for-stm32.14.3.rel1.win32_1.0.100.202602081740/tools/bin/../lib/gcc/arm-none-eabi/14.3.1/../../../../arm-none-eabi/lib/thumb/v6-m/nofp\libc_nano.a(libc_a-memcpy-stub.o)
                0x0800d742                memcpy
 .text._realloc_r
                0x0800d754       0x60 C:/ST/STM32CubeIDE_1.18.1/STM32CubeIDE/plugins/com.st.stm32cube.ide.mcu.externaltools.gnu-tools-for-stm32.14.3.rel1.win32_1.0.100.202602081740/tools/bin/../lib/gcc/arm-none-eabi/14.3.1/../../../../arm-none-eabi/lib/thumb/v6-m/nofp\libc_nano.a(libc_a-reallocr.o)
                0x0800d754                _realloc_r
 .text._malloc_usable_size_r
                0x0800d7b4       0x10 C:/ST/STM32CubeIDE_1.18.1/STM32CubeIDE/plugins/com.st.stm32cube.ide.mcu.externaltools.gnu-tools-for-stm32.14.3.rel1.win32_1.0.100.202602081740/tools/bin/../lib/gcc/arm-none-eabi/14.3.1/../../../../arm-none-eabi/lib/thumb/v6-m/nofp\libc_nano.a(libc_a-msizer.o)
                0x0800d7b4                _malloc_usable_size_r
 *(.glue_7)
 .glue_7        0x0800d7c4        0x0 linker stubs
 *(.glue_7t)
 .glue_7t       0x0800d7c4        0x0 linker stubs
 *(.eh_frame)
 .eh_frame      0x0800d7c4        0x0 C:/ST/STM32CubeIDE_1.18.1/STM32CubeIDE/plugins/com.st.stm32cube.ide.mcu.externaltools.gnu-tools-for-stm32.14.3.rel1.win32_1.0.100.202602081740/tools/bin/../lib/gcc/arm-none-eabi/14.3.1/thumb/v6-m/nofp/crtbegin.o
 *(.init)
 .init          0x0800d7c4        0x4 C:/ST/STM32CubeIDE_1.18.1/STM32CubeIDE/plugins/com.st.stm32cube.ide.mcu.externaltools.gnu-tools-for-stm32.14.3.rel1.win32_1.0.100.202602081740/tools/bin/../lib/gcc/arm-none-eabi/14.3.1/thumb/v6-m/nofp/crti.o
                0x0800d7c4                _init
 .init          0x0800d7c8        0x8 C:/ST/STM32CubeIDE_1.18.1/STM32CubeIDE/plugins/com.st.stm32cube.ide.mcu.externaltools.gnu-tools-for-stm32.14.3.rel1.win32_1.0.100.202602081740/tools/bin/../lib/gcc/arm-none-eabi/14.3.1/thumb/v6-m/nofp/crtn.o
 *(.fini)
 .fini          0x0800d7d0        0x4 C:/ST/STM32CubeIDE_1.18.1/STM32CubeIDE/plugins/com.st.stm32cube.ide.mcu.externaltools.gnu-tools-for-stm32.14.3.rel1.win32_1.0.100.202602081740/tools/bin/../lib/gcc/arm-none-eabi/14.3.1/thumb/v6-m/nofp/crti.o
                0x0800d7d0                _fini
 .fini          0x0800d7d4        0x8 C:/ST/STM32CubeIDE_1.18.1/STM32CubeIDE/plugins/com.st.stm32cube.ide.mcu.externaltools.gnu-tools-for-stm32.14.3.rel1.win32_1.0.100.202602081740/tools/bin/../lib/gcc/arm-none-eabi/14.3.1/thumb/v6-m/nofp/crtn.o
                0x0800d7dc                        . = ALIGN (0x4)
                0x0800d7dc                        _etext = .

.vfp11_veneer   0x0800d7dc        0x0
 .vfp11_veneer  0x0800d7dc        0x0 linker stubs

.v4_bx          0x0800d7dc        0x0
 .v4_bx         0x0800d7dc        0x0 linker stubs

.iplt           0x0800d7dc        0x0
 .iplt          0x0800d7dc        0x0 C:/ST/STM32CubeIDE_1.18.1/STM32CubeIDE/plugins/com.st.stm32cube.ide.mcu.externaltools.gnu-tools-for-stm32.14.3.rel1.win32_1.0.100.202602081740/tools/bin/../lib/gcc/arm-none-eabi/14.3.1/thumb/v6-m/nofp/crtbegin.o

.rodata         0x0800d7dc      0x4b4
                0x0800d7dc                        . = ALIGN (0x4)
 *(.rodata)
 .rodata        0x0800d7dc      0x11b ./Core/Src/LCD.o
 *fill*         0x0800d8f7        0x1 
 .rodata        0x0800d8f8       0xf3 ./Core/Src/main.o
 *fill*         0x0800d9eb        0x1 
 .rodata        0x0800d9ec       0x1b ./Core/Src/state_logic.o
 *fill*         0x0800da07        0x1 
 .rodata        0x0800da08       0x7c C:/ST/STM32CubeIDE_1.18.1/STM32CubeIDE/plugins/com.st.stm32cube.ide.mcu.externaltools.gnu-tools-for-stm32.14.3.rel1.win32_1.0.100.202602081740/tools/bin/../lib/gcc/arm-none-eabi/14.3.1/thumb/v6-m/nofp\libgcc.a(divsf3.o)
 .rodata        0x0800da84       0x40 C:/ST/STM32CubeIDE_1.18.1/STM32CubeIDE/plugins/com.st.stm32cube.ide.mcu.externaltools.gnu-tools-for-stm32.14.3.rel1.win32_1.0.100.202602081740/tools/bin/../lib/gcc/arm-none-eabi/14.3.1/thumb/v6-m/nofp\libgcc.a(divdf3.o)
 *(.rodata*)
 .rodata.keys   0x0800dac4       0x10 ./Core/Src/keypad.o
 .rodata.main   0x0800dad4       0xe8 ./Core/Src/main.o
 .rodata.minimum_res_val
                0x0800dbbc        0x1 ./Core/Src/state_logic.o
                0x0800dbbc                minimum_res_val
 *fill*         0x0800dbbd        0x3 
 .rodata.handle_water_state
                0x0800dbc0       0x14 ./Core/Src/state_machine.o
 .rodata.AHBPrescTable
                0x0800dbd4       0x40 ./Core/Src/system_stm32g0xx.o
                0x0800dbd4                AHBPrescTable
 .rodata.APBPrescTable
                0x0800dc14       0x20 ./Core/Src/system_stm32g0xx.o
                0x0800dc14                APBPrescTable
 .rodata.UARTPrescTable
                0x0800dc34       0x18 ./Drivers/STM32G0xx_HAL_Driver/Src/stm32g0xx_hal_uart.o
                0x0800dc34                UARTPrescTable
 .rodata.numerator.1
                0x0800dc4c        0x8 ./Drivers/STM32G0xx_HAL_Driver/Src/stm32g0xx_hal_uart_ex.o
 .rodata.denominator.0
                0x0800dc54        0x8 ./Drivers/STM32G0xx_HAL_Driver/Src/stm32g0xx_hal_uart_ex.o
 .rodata._svfprintf_r.str1.1
                0x0800dc5c       0x33 C:/ST/STM32CubeIDE_1.18.1/STM32CubeIDE/plugins/com.st.stm32cube.ide.mcu.externaltools.gnu-tools-for-stm32.14.3.rel1.win32_1.0.100.202602081740/tools/bin/../lib/gcc/arm-none-eabi/14.3.1/../../../../arm-none-eabi/lib/thumb/v6-m/nofp\libc_nano.a(libc_a-nano-svfprintf.o)
                                 0x11 (size before relaxing)
 .rodata._printf_i.str1.1
                0x0800dc8f       0x22 C:/ST/STM32CubeIDE_1.18.1/STM32CubeIDE/plugins/com.st.stm32cube.ide.mcu.externaltools.gnu-tools-for-stm32.14.3.rel1.win32_1.0.100.202602081740/tools/bin/../lib/gcc/arm-none-eabi/14.3.1/../../../../arm-none-eabi/lib/thumb/v6-m/nofp\libc_nano.a(libc_a-nano-vfprintf_i.o)
                0x0800dcb4                        . = ALIGN (0x4)
 *fill*         0x0800dc8f        0x1 

.ARM.extab      0x0800dc90        0x0
                0x0800dc90                        . = ALIGN (0x4)
 *(.ARM.extab* .gnu.linkonce.armextab.*)
                0x0800dc90                        . = ALIGN (0x4)

.ARM            0x0800dc90        0x8
                0x0800dc90                        . = ALIGN (0x4)
                0x0800dc90                        __exidx_start = .
 *(.ARM.exidx*)
 .ARM.exidx     0x0800dc90        0x8 C:/ST/STM32CubeIDE_1.18.1/STM32CubeIDE/plugins/com.st.stm32cube.ide.mcu.externaltools.gnu-tools-for-stm32.14.3.rel1.win32_1.0.100.202602081740/tools/bin/../lib/gcc/arm-none-eabi/14.3.1/thumb/v6-m/nofp\libgcc.a(_udivmoddi4.o)
                0x0800dc98                        __exidx_end = .
                0x0800dc98                        . = ALIGN (0x4)

.preinit_array  0x0800dc98        0x0
                0x0800dc98                        . = ALIGN (0x4)
                0x0800dc98                        PROVIDE (__preinit_array_start = .)
 *(.preinit_array*)
                0x0800dc98                        PROVIDE (__preinit_array_end = .)
                0x0800dc98                        . = ALIGN (0x4)

.init_array     0x0800dc98        0x4
                0x0800dc98                        . = ALIGN (0x4)
                0x0800dc98                        PROVIDE (__init_array_start = .)
 *(SORT_BY_NAME(.init_array.*))
 *(.init_array*)
 .init_array    0x0800dc98        0x4 C:/ST/STM32CubeIDE_1.18.1/STM32CubeIDE/plugins/com.st.stm32cube.ide.mcu.externaltools.gnu-tools-for-stm32.14.3.rel1.win32_1.0.100.202602081740/tools/bin/../lib/gcc/arm-none-eabi/14.3.1/thumb/v6-m/nofp/crtbegin.o
                0x0800dc9c                        PROVIDE (__init_array_end = .)
                0x0800dc9c                        . = ALIGN (0x4)

.fini_array     0x0800dc9c        0x4
                0x0800dc9c                        . = ALIGN (0x4)
                [!provide]                        PROVIDE (__fini_array_start = .)
 *(SORT_BY_NAME(.fini_array.*))
 *(.fini_array*)
 .fini_array    0x0800dc9c        0x4 C:/ST/STM32CubeIDE_1.18.1/STM32CubeIDE/plugins/com.st.stm32cube.ide.mcu.externaltools.gnu-tools-for-stm32.14.3.rel1.win32_1.0.100.202602081740/tools/bin/../lib/gcc/arm-none-eabi/14.3.1/thumb/v6-m/nofp/crtbegin.o
                [!provide]                        PROVIDE (__fini_array_end = .)
                0x0800dca0                        . = ALIGN (0x4)
                0x0800dca0                        _sidata = LOADADDR (.data)

.rel.dyn        0x0800dca0        0x0
 .rel.iplt      0x0800dca0        0x0 C:/ST/STM32CubeIDE_1.18.1/STM32CubeIDE/plugins/com.st.stm32cube.ide.mcu.externaltools.gnu-tools-for-stm32.14.3.rel1.win32_1.0.100.202602081740/tools/bin/../lib/gcc/arm-none-eabi/14.3.1/thumb/v6-m/nofp/crtbegin.o

.data           0x20000000       0xc4 load address 0x0800dca0
                0x20000000                        . = ALIGN (0x4)
                0x20000000                        _sdata = .
 *(.data)
 *(.data*)
 .data.sched_date_time
                0x20000000        0x6 ./Core/Src/DS3231(CLK).o
                0x20000000                sched_date_time
 *fill*         0x20000006        0x2 
 .data.menuLabels
                0x20000008       0x30 ./Core/Src/main.o
                0x20000008                menuLabels
 .data.inputBuf
                0x20000038        0x2 ./Core/Src/main.o
                0x20000038                inputBuf
 .data.schedule
                0x2000003a        0x1 ./Core/Src/main.o
                0x2000003a                schedule
 .data.startup  0x2000003b        0x1 ./Core/Src/main.o
                0x2000003b                startup
 .data.htd      0x2000003c        0x8 ./Core/Src/mcp23017.o
                0x2000003c                htd
 .data.ph_instance
                0x20000044        0xc ./Core/Src/ph.o
 .data.ph_struct
                0x20000050        0x4 ./Core/Src/ph.o
                0x20000050                ph_struct
 .data.state_entry
                0x20000054        0x1 ./Core/Src/state_logic.o
 .data.flow_rate
                0x20000055        0x1 ./Core/Src/state_logic.o
                0x20000055                flow_rate
 *fill*         0x20000056        0x2 
 .data.rangevalues
                0x20000058       0x10 ./Core/Src/state_machine.o
                0x20000058                rangevalues
 .data.SystemCoreClock
                0x20000068        0x4 ./Core/Src/system_stm32g0xx.o
                0x20000068                SystemCoreClock
 .data.uwTickPrio
                0x2000006c        0x4 ./Drivers/STM32G0xx_HAL_Driver/Src/stm32g0xx_hal.o
                0x2000006c                uwTickPrio
 .data.uwTickFreq
                0x20000070        0x1 ./Drivers/STM32G0xx_HAL_Driver/Src/stm32g0xx_hal.o
                0x20000070                uwTickFreq
 *fill*         0x20000071        0x3 
 .data._impure_ptr
                0x20000074        0x4 C:/ST/STM32CubeIDE_1.18.1/STM32CubeIDE/plugins/com.st.stm32cube.ide.mcu.externaltools.gnu-tools-for-stm32.14.3.rel1.win32_1.0.100.202602081740/tools/bin/../lib/gcc/arm-none-eabi/14.3.1/../../../../arm-none-eabi/lib/thumb/v6-m/nofp\libc_nano.a(libc_a-impure.o)
                0x20000074                _impure_ptr
 .data._impure_data
                0x20000078       0x4c C:/ST/STM32CubeIDE_1.18.1/STM32CubeIDE/plugins/com.st.stm32cube.ide.mcu.externaltools.gnu-tools-for-stm32.14.3.rel1.win32_1.0.100.202602081740/tools/bin/../lib/gcc/arm-none-eabi/14.3.1/../../../../arm-none-eabi/lib/thumb/v6-m/nofp\libc_nano.a(libc_a-impure.o)
                0x20000078                _impure_data
 *(.RamFunc)
 *(.RamFunc*)
                0x200000c4                        . = ALIGN (0x4)
                0x200000c4                        _edata = .

.igot.plt       0x200000c4        0x0 load address 0x0800dd64
 .igot.plt      0x200000c4        0x0 C:/ST/STM32CubeIDE_1.18.1/STM32CubeIDE/plugins/com.st.stm32cube.ide.mcu.externaltools.gnu-tools-for-stm32.14.3.rel1.win32_1.0.100.202602081740/tools/bin/../lib/gcc/arm-none-eabi/14.3.1/thumb/v6-m/nofp/crtbegin.o
                0x200000c4                        . = ALIGN (0x4)

.bss            0x200000c4      0x63c load address 0x0800dd64
                0x200000c4                        _sbss = .
                0x200000c4                        __bss_start__ = _sbss
 *(.bss)
 .bss           0x200000c4       0x1c C:/ST/STM32CubeIDE_1.18.1/STM32CubeIDE/plugins/com.st.stm32cube.ide.mcu.externaltools.gnu-tools-for-stm32.14.3.rel1.win32_1.0.100.202602081740/tools/bin/../lib/gcc/arm-none-eabi/14.3.1/thumb/v6-m/nofp/crtbegin.o
 *(.bss*)
 .bss._ds3231_ui2c
                0x200000e0        0x4 ./Core/Src/DS3231(CLK).o
                0x200000e0                _ds3231_ui2c
 .bss.curr_date_time
                0x200000e4        0x8 ./Core/Src/DS3231(CLK).o
                0x200000e4                curr_date_time
 .bss.activeCol
                0x200000ec        0x1 ./Core/Src/keypad.o
 *fill*         0x200000ed        0x3 
 .bss.lastRowStatesByCol
                0x200000f0        0x4 ./Core/Src/keypad.o
 .bss.stableDetections
                0x200000f4        0x4 ./Core/Src/keypad.o
 .bss.debouncedKey
                0x200000f8        0x1 ./Core/Src/keypad.o
 *fill*         0x200000f9        0x3 
 .bss.hadc1     0x200000fc       0x64 ./Core/Src/main.o
                0x200000fc                hadc1
 .bss.hdma_adc1
                0x20000160       0x60 ./Core/Src/main.o
                0x20000160                hdma_adc1
 .bss.hi2c1     0x200001c0       0x54 ./Core/Src/main.o
                0x200001c0                hi2c1
 .bss.htim2     0x20000214       0x4c ./Core/Src/main.o
                0x20000214                htim2
 .bss.huart1    0x20000260       0x94 ./Core/Src/main.o
                0x20000260                huart1
 .bss.huart2    0x200002f4       0x94 ./Core/Src/main.o
                0x200002f4                huart2
 .bss.huart3    0x20000388       0x94 ./Core/Src/main.o
                0x20000388                huart3
 .bss.huart5    0x2000041c       0x94 ./Core/Src/main.o
                0x2000041c                huart5
 .bss.huart6    0x200004b0       0x94 ./Core/Src/main.o
                0x200004b0                huart6
 .bss.adc_buffer
                0x20000544        0x4 ./Core/Src/main.o
                0x20000544                adc_buffer
 .bss.water_change_flag
                0x20000548        0x1 ./Core/Src/main.o
                0x20000548                water_change_flag
 .bss.lids      0x20000549        0x1 ./Core/Src/main.o
                0x20000549                lids
 .bss.res_full_flag
                0x2000054a        0x1 ./Core/Src/main.o
                0x2000054a                res_full_flag
 *fill*         0x2000054b        0x1 
 .bss.sensorvalues
                0x2000054c       0x18 ./Core/Src/main.o
                0x2000054c                sensorvalues
 .bss.cooldown  0x20000564        0x8 ./Core/Src/main.o
                0x20000564                cooldown
 .bss.debugKey  0x2000056c        0x1 ./Core/Src/main.o
                0x2000056c                debugKey
 .bss.readKey   0x2000056d        0x1 ./Core/Src/main.o
                0x2000056d                readKey
 .bss.keypadIter
                0x2000056e        0x2 ./Core/Src/main.o
                0x2000056e                keypadIter
 .bss.screenSwitch
                0x20000570        0x1 ./Core/Src/main.o
                0x20000570                screenSwitch
 .bss.menuState
                0x20000571        0x1 ./Core/Src/main.o
                0x20000571                menuState
 .bss.inputNum  0x20000572        0x1 ./Core/Src/main.o
                0x20000572                inputNum
 .bss.place     0x20000573        0x1 ./Core/Src/main.o
                0x20000573                place
 .bss.inputError
                0x20000574        0x1 ./Core/Src/main.o
                0x20000574                inputError
 .bss.manualStartFlag
                0x20000575        0x1 ./Core/Src/main.o
                0x20000575                manualStartFlag
 .bss.menuExit  0x20000576        0x1 ./Core/Src/main.o
                0x20000576                menuExit
 *fill*         0x20000577        0x1 
 .bss.XX        0x20000578        0x3 ./Core/Src/main.o
                0x20000578                XX
 *fill*         0x2000057b        0x1 
 .bss.XXdXX     0x2000057c        0x5 ./Core/Src/main.o
                0x2000057c                XXdXX
 *fill*         0x20000581        0x1 
 .bss.XXXX      0x20000582        0x2 ./Core/Src/main.o
                0x20000582                XXXX
 .bss.fill_elapsed
                0x20000584        0x4 ./Core/Src/state_logic.o
 .bss.fill_start_sod
                0x20000588        0x4 ./Core/Src/state_logic.o
 .bss.overheat  0x2000058c        0x1 ./Core/Src/state_logic.o
                0x2000058c                overheat
 *fill*         0x2000058d        0x3 
 .bss.FAN_ON_TEMP
                0x20000590        0x4 ./Core/Src/state_logic.o
                0x20000590                FAN_ON_TEMP
 .bss.FAN_OFF_TEMP
                0x20000594        0x4 ./Core/Src/state_logic.o
                0x20000594                FAN_OFF_TEMP
 .bss.fan_on    0x20000598        0x1 ./Core/Src/state_logic.o
                0x20000598                fan_on
 .bss.inbound_pump_on
                0x20000599        0x1 ./Core/Src/state_logic.o
 *fill*         0x2000059a        0x2 
 .bss.estTime   0x2000059c        0x4 ./Core/Src/state_logic.o
                0x2000059c                estTime
 .bss.idle_sod.1
                0x200005a0        0x4 ./Core/Src/state_logic.o
 .bss.drain_sod.0
                0x200005a4        0x4 ./Core/Src/state_logic.o
 .bss.current_state
                0x200005a8        0x1 ./Core/Src/state_machine.o
                0x200005a8                current_state
 *fill*         0x200005a9        0x3 
 .bss.tankFlags
                0x200005ac        0x3 ./Core/Src/state_machine.o
                0x200005ac                tankFlags
 *fill*         0x200005af        0x1 
 .bss.__sbrk_heap_end
                0x200005b0        0x4 ./Core/Src/sysmem.o
 .bss.uwTick    0x200005b4        0x4 ./Drivers/STM32G0xx_HAL_Driver/Src/stm32g0xx_hal.o
                0x200005b4                uwTick
 .bss.__sf      0x200005b8      0x138 C:/ST/STM32CubeIDE_1.18.1/STM32CubeIDE/plugins/com.st.stm32cube.ide.mcu.externaltools.gnu-tools-for-stm32.14.3.rel1.win32_1.0.100.202602081740/tools/bin/../lib/gcc/arm-none-eabi/14.3.1/../../../../arm-none-eabi/lib/thumb/v6-m/nofp\libc_nano.a(libc_a-findfp.o)
                0x200005b8                __sf
 .bss.errno     0x200006f0        0x4 C:/ST/STM32CubeIDE_1.18.1/STM32CubeIDE/plugins/com.st.stm32cube.ide.mcu.externaltools.gnu-tools-for-stm32.14.3.rel1.win32_1.0.100.202602081740/tools/bin/../lib/gcc/arm-none-eabi/14.3.1/../../../../arm-none-eabi/lib/thumb/v6-m/nofp\libc_nano.a(libc_a-reent.o)
                0x200006f0                errno
 .bss.__lock___malloc_recursive_mutex
                0x200006f4        0x1 C:/ST/STM32CubeIDE_1.18.1/STM32CubeIDE/plugins/com.st.stm32cube.ide.mcu.externaltools.gnu-tools-for-stm32.14.3.rel1.win32_1.0.100.202602081740/tools/bin/../lib/gcc/arm-none-eabi/14.3.1/../../../../arm-none-eabi/lib/thumb/v6-m/nofp\libc_nano.a(libc_a-lock.o)
                0x200006f4                __lock___malloc_recursive_mutex
 *fill*         0x200006f5        0x3 
 .bss.__malloc_sbrk_start
                0x200006f8        0x4 C:/ST/STM32CubeIDE_1.18.1/STM32CubeIDE/plugins/com.st.stm32cube.ide.mcu.externaltools.gnu-tools-for-stm32.14.3.rel1.win32_1.0.100.202602081740/tools/bin/../lib/gcc/arm-none-eabi/14.3.1/../../../../arm-none-eabi/lib/thumb/v6-m/nofp\libc_nano.a(libc_a-mallocr.o)
                0x200006f8                __malloc_sbrk_start
 .bss.__malloc_free_list
                0x200006fc        0x4 C:/ST/STM32CubeIDE_1.18.1/STM32CubeIDE/plugins/com.st.stm32cube.ide.mcu.externaltools.gnu-tools-for-stm32.14.3.rel1.win32_1.0.100.202602081740/tools/bin/../lib/gcc/arm-none-eabi/14.3.1/../../../../arm-none-eabi/lib/thumb/v6-m/nofp\libc_nano.a(libc_a-mallocr.o)
                0x200006fc                __malloc_free_list
 *(COMMON)
                0x20000700                        . = ALIGN (0x4)
                0x20000700                        _ebss = .
                0x20000700                        __bss_end__ = _ebss

._user_heap_stack
                0x20000700      0x600 load address 0x0800dd64
                0x20000700                        . = ALIGN (0x8)
                [!provide]                        PROVIDE (end = .)
                0x20000700                        PROVIDE (_end = .)
                0x20000900                        . = (. + _Min_Heap_Size)
 *fill*         0x20000700      0x200 
                0x20000d00                        . = (. + _Min_Stack_Size)
 *fill*         0x20000900      0x400 
                0x20000d00                        . = ALIGN (0x8)

/DISCARD/
 libc.a(*)
 libm.a(*)
 libgcc.a(*)

.ARM.attributes
                0x00000000       0x28
 *(.ARM.attributes)
 .ARM.attributes
                0x00000000       0x1e C:/ST/STM32CubeIDE_1.18.1/STM32CubeIDE/plugins/com.st.stm32cube.ide.mcu.externaltools.gnu-tools-for-stm32.14.3.rel1.win32_1.0.100.202602081740/tools/bin/../lib/gcc/arm-none-eabi/14.3.1/thumb/v6-m/nofp/crti.o
 .ARM.attributes
                0x0000001e       0x2c C:/ST/STM32CubeIDE_1.18.1/STM32CubeIDE/plugins/com.st.stm32cube.ide.mcu.externaltools.gnu-tools-for-stm32.14.3.rel1.win32_1.0.100.202602081740/tools/bin/../lib/gcc/arm-none-eabi/14.3.1/thumb/v6-m/nofp/crtbegin.o
 .ARM.attributes
                0x0000004a       0x2c ./Core/Src/DS18B20.o
 .ARM.attributes
                0x00000076       0x2c ./Core/Src/DS3231(CLK).o
 .ARM.attributes
                0x000000a2       0x2c ./Core/Src/LCD.o
 .ARM.attributes
                0x000000ce       0x2c ./Core/Src/keypad.o
 .ARM.attributes
                0x000000fa       0x2c ./Core/Src/main.o
 .ARM.attributes
                0x00000126       0x2c ./Core/Src/mcp23017.o
 .ARM.attributes
                0x00000152       0x2c ./Core/Src/ph.o
 .ARM.attributes
                0x0000017e       0x2c ./Core/Src/physical_controls.o
 .ARM.attributes
                0x000001aa       0x2c ./Core/Src/state_logic.o
 .ARM.attributes
                0x000001d6       0x2c ./Core/Src/state_machine.o
 .ARM.attributes
                0x00000202       0x2c ./Core/Src/stm32g0xx_hal_msp.o
 .ARM.attributes
                0x0000022e       0x2c ./Core/Src/stm32g0xx_it.o
 .ARM.attributes
                0x0000025a       0x2c ./Core/Src/sysmem.o
 .ARM.attributes
                0x00000286       0x2c ./Core/Src/system_stm32g0xx.o
 .ARM.attributes
                0x000002b2       0x2c ./Core/Src/turbidity.o
 .ARM.attributes
                0x000002de       0x2c ./Core/Src/waterlevel_us.o
 .ARM.attributes
                0x0000030a       0x22 ./Core/Startup/startup_stm32g0b1retx.o
 .ARM.attributes
                0x0000032c       0x2c ./Drivers/STM32G0xx_HAL_Driver/Src/stm32g0xx_hal.o
 .ARM.attributes
                0x00000358       0x2c ./Drivers/STM32G0xx_HAL_Driver/Src/stm32g0xx_hal_adc.o
 .ARM.attributes
                0x00000384       0x2c ./Drivers/STM32G0xx_HAL_Driver/Src/stm32g0xx_hal_adc_ex.o
 .ARM.attributes
                0x000003b0       0x2c ./Drivers/STM32G0xx_HAL_Driver/Src/stm32g0xx_hal_cortex.o
 .ARM.attributes
                0x000003dc       0x2c ./Drivers/STM32G0xx_HAL_Driver/Src/stm32g0xx_hal_dma.o
 .ARM.attributes
                0x00000408       0x2c ./Drivers/STM32G0xx_HAL_Driver/Src/stm32g0xx_hal_gpio.o
 .ARM.attributes
                0x00000434       0x2c ./Drivers/STM32G0xx_HAL_Driver/Src/stm32g0xx_hal_i2c.o
 .ARM.attributes
                0x00000460       0x2c ./Drivers/STM32G0xx_HAL_Driver/Src/stm32g0xx_hal_i2c_ex.o
 .ARM.attributes
                0x0000048c       0x2c ./Drivers/STM32G0xx_HAL_Driver/Src/stm32g0xx_hal_pwr_ex.o
 .ARM.attributes
                0x000004b8       0x2c ./Drivers/STM32G0xx_HAL_Driver/Src/stm32g0xx_hal_rcc.o
 .ARM.attributes
                0x000004e4       0x2c ./Drivers/STM32G0xx_HAL_Driver/Src/stm32g0xx_hal_rcc_ex.o
 .ARM.attributes
                0x00000510       0x2c ./Drivers/STM32G0xx_HAL_Driver/Src/stm32g0xx_hal_tim.o
 .ARM.attributes
                0x0000053c       0x2c ./Drivers/STM32G0xx_HAL_Driver/Src/stm32g0xx_hal_tim_ex.o
 .ARM.attributes
                0x00000568       0x2c ./Drivers/STM32G0xx_HAL_Driver/Src/stm32g0xx_hal_uart.o
 .ARM.attributes
                0x00000594       0x2c ./Drivers/STM32G0xx_HAL_Driver/Src/stm32g0xx_hal_uart_ex.o
 .ARM.attributes
                0x000005c0       0x2c C:/ST/STM32CubeIDE_1.18.1/STM32CubeIDE/plugins/com.st.stm32cube.ide.mcu.externaltools.gnu-tools-for-stm32.14.3.rel1.win32_1.0.100.202602081740/tools/bin/../lib/gcc/arm-none-eabi/14.3.1/../../../../arm-none-eabi/lib/thumb/v6-m/nofp\libc_nano.a(libc_a-findfp.o)
 .ARM.attributes
                0x000005ec       0x2c C:/ST/STM32CubeIDE_1.18.1/STM32CubeIDE/plugins/com.st.stm32cube.ide.mcu.externaltools.gnu-tools-for-stm32.14.3.rel1.win32_1.0.100.202602081740/tools/bin/../lib/gcc/arm-none-eabi/14.3.1/../../../../arm-none-eabi/lib/thumb/v6-m/nofp\libc_nano.a(libc_a-snprintf.o)
 .ARM.attributes
                0x00000618       0x2c C:/ST/STM32CubeIDE_1.18.1/STM32CubeIDE/plugins/com.st.stm32cube.ide.mcu.externaltools.gnu-tools-for-stm32.14.3.rel1.win32_1.0.100.202602081740/tools/bin/../lib/gcc/arm-none-eabi/14.3.1/../../../../arm-none-eabi/lib/thumb/v6-m/nofp\libc_nano.a(libc_a-sprintf.o)
 .ARM.attributes
                0x00000644       0x2c C:/ST/STM32CubeIDE_1.18.1/STM32CubeIDE/plugins/com.st.stm32cube.ide.mcu.externaltools.gnu-tools-for-stm32.14.3.rel1.win32_1.0.100.202602081740/tools/bin/../lib/gcc/arm-none-eabi/14.3.1/../../../../arm-none-eabi/lib/thumb/v6-m/nofp\libc_nano.a(libc_a-memset.o)
 .ARM.attributes
                0x00000670       0x2c C:/ST/STM32CubeIDE_1.18.1/STM32CubeIDE/plugins/com.st.stm32cube.ide.mcu.externaltools.gnu-tools-for-stm32.14.3.rel1.win32_1.0.100.202602081740/tools/bin/../lib/gcc/arm-none-eabi/14.3.1/../../../../arm-none-eabi/lib/thumb/v6-m/nofp\libc_nano.a(libc_a-reent.o)
 .ARM.attributes
                0x0000069c       0x2c C:/ST/STM32CubeIDE_1.18.1/STM32CubeIDE/plugins/com.st.stm32cube.ide.mcu.externaltools.gnu-tools-for-stm32.14.3.rel1.win32_1.0.100.202602081740/tools/bin/../lib/gcc/arm-none-eabi/14.3.1/../../../../arm-none-eabi/lib/thumb/v6-m/nofp\libc_nano.a(libc_a-impure.o)
 .ARM.attributes
                0x000006c8       0x2c C:/ST/STM32CubeIDE_1.18.1/STM32CubeIDE/plugins/com.st.stm32cube.ide.mcu.externaltools.gnu-tools-for-stm32.14.3.rel1.win32_1.0.100.202602081740/tools/bin/../lib/gcc/arm-none-eabi/14.3.1/../../../../arm-none-eabi/lib/thumb/v6-m/nofp\libc_nano.a(libc_a-errno.o)
 .ARM.attributes
                0x000006f4       0x2c C:/ST/STM32CubeIDE_1.18.1/STM32CubeIDE/plugins/com.st.stm32cube.ide.mcu.externaltools.gnu-tools-for-stm32.14.3.rel1.win32_1.0.100.202602081740/tools/bin/../lib/gcc/arm-none-eabi/14.3.1/../../../../arm-none-eabi/lib/thumb/v6-m/nofp\libc_nano.a(libc_a-init.o)
 .ARM.attributes
                0x00000720       0x2c C:/ST/STM32CubeIDE_1.18.1/STM32CubeIDE/plugins/com.st.stm32cube.ide.mcu.externaltools.gnu-tools-for-stm32.14.3.rel1.win32_1.0.100.202602081740/tools/bin/../lib/gcc/arm-none-eabi/14.3.1/../../../../arm-none-eabi/lib/thumb/v6-m/nofp\libc_nano.a(libc_a-lock.o)
 .ARM.attributes
                0x0000074c       0x1c C:/ST/STM32CubeIDE_1.18.1/STM32CubeIDE/plugins/com.st.stm32cube.ide.mcu.externaltools.gnu-tools-for-stm32.14.3.rel1.win32_1.0.100.202602081740/tools/bin/../lib/gcc/arm-none-eabi/14.3.1/../../../../arm-none-eabi/lib/thumb/v6-m/nofp\libc_nano.a(libc_a-strlen.o)
 .ARM.attributes
                0x00000768       0x2c C:/ST/STM32CubeIDE_1.18.1/STM32CubeIDE/plugins/com.st.stm32cube.ide.mcu.externaltools.gnu-tools-for-stm32.14.3.rel1.win32_1.0.100.202602081740/tools/bin/../lib/gcc/arm-none-eabi/14.3.1/../../../../arm-none-eabi/lib/thumb/v6-m/nofp\libc_nano.a(libc_a-freer.o)
 .ARM.attributes
                0x00000794       0x2c C:/ST/STM32CubeIDE_1.18.1/STM32CubeIDE/plugins/com.st.stm32cube.ide.mcu.externaltools.gnu-tools-for-stm32.14.3.rel1.win32_1.0.100.202602081740/tools/bin/../lib/gcc/arm-none-eabi/14.3.1/../../../../arm-none-eabi/lib/thumb/v6-m/nofp\libc_nano.a(libc_a-mallocr.o)
 .ARM.attributes
                0x000007c0       0x2c C:/ST/STM32CubeIDE_1.18.1/STM32CubeIDE/plugins/com.st.stm32cube.ide.mcu.externaltools.gnu-tools-for-stm32.14.3.rel1.win32_1.0.100.202602081740/tools/bin/../lib/gcc/arm-none-eabi/14.3.1/../../../../arm-none-eabi/lib/thumb/v6-m/nofp\libc_nano.a(libc_a-mlock.o)
 .ARM.attributes
                0x000007ec       0x2c C:/ST/STM32CubeIDE_1.18.1/STM32CubeIDE/plugins/com.st.stm32cube.ide.mcu.externaltools.gnu-tools-for-stm32.14.3.rel1.win32_1.0.100.202602081740/tools/bin/../lib/gcc/arm-none-eabi/14.3.1/../../../../arm-none-eabi/lib/thumb/v6-m/nofp\libc_nano.a(libc_a-nano-svfprintf.o)
 .ARM.attributes
                0x00000818       0x2c C:/ST/STM32CubeIDE_1.18.1/STM32CubeIDE/plugins/com.st.stm32cube.ide.mcu.externaltools.gnu-tools-for-stm32.14.3.rel1.win32_1.0.100.202602081740/tools/bin/../lib/gcc/arm-none-eabi/14.3.1/../../../../arm-none-eabi/lib/thumb/v6-m/nofp\libc_nano.a(libc_a-nano-vfprintf_i.o)
 .ARM.attributes
                0x00000844       0x2c C:/ST/STM32CubeIDE_1.18.1/STM32CubeIDE/plugins/com.st.stm32cube.ide.mcu.externaltools.gnu-tools-for-stm32.14.3.rel1.win32_1.0.100.202602081740/tools/bin/../lib/gcc/arm-none-eabi/14.3.1/../../../../arm-none-eabi/lib/thumb/v6-m/nofp\libc_nano.a(libc_a-memmove.o)
 .ARM.attributes
                0x00000870       0x2c C:/ST/STM32CubeIDE_1.18.1/STM32CubeIDE/plugins/com.st.stm32cube.ide.mcu.externaltools.gnu-tools-for-stm32.14.3.rel1.win32_1.0.100.202602081740/tools/bin/../lib/gcc/arm-none-eabi/14.3.1/../../../../arm-none-eabi/lib/thumb/v6-m/nofp\libc_nano.a(libc_a-sbrkr.o)
 .ARM.attributes
                0x0000089c       0x2c C:/ST/STM32CubeIDE_1.18.1/STM32CubeIDE/plugins/com.st.stm32cube.ide.mcu.externaltools.gnu-tools-for-stm32.14.3.rel1.win32_1.0.100.202602081740/tools/bin/../lib/gcc/arm-none-eabi/14.3.1/../../../../arm-none-eabi/lib/thumb/v6-m/nofp\libc_nano.a(libc_a-memchr-stub.o)
 .ARM.attributes
                0x000008c8       0x2c C:/ST/STM32CubeIDE_1.18.1/STM32CubeIDE/plugins/com.st.stm32cube.ide.mcu.externaltools.gnu-tools-for-stm32.14.3.rel1.win32_1.0.100.202602081740/tools/bin/../lib/gcc/arm-none-eabi/14.3.1/../../../../arm-none-eabi/lib/thumb/v6-m/nofp\libc_nano.a(libc_a-memcpy-stub.o)
 .ARM.attributes
                0x000008f4       0x2c C:/ST/STM32CubeIDE_1.18.1/STM32CubeIDE/plugins/com.st.stm32cube.ide.mcu.externaltools.gnu-tools-for-stm32.14.3.rel1.win32_1.0.100.202602081740/tools/bin/../lib/gcc/arm-none-eabi/14.3.1/../../../../arm-none-eabi/lib/thumb/v6-m/nofp\libc_nano.a(libc_a-reallocr.o)
 .ARM.attributes
                0x00000920       0x2c C:/ST/STM32CubeIDE_1.18.1/STM32CubeIDE/plugins/com.st.stm32cube.ide.mcu.externaltools.gnu-tools-for-stm32.14.3.rel1.win32_1.0.100.202602081740/tools/bin/../lib/gcc/arm-none-eabi/14.3.1/../../../../arm-none-eabi/lib/thumb/v6-m/nofp\libc_nano.a(libc_a-msizer.o)
 .ARM.attributes
                0x0000094c       0x1e C:/ST/STM32CubeIDE_1.18.1/STM32CubeIDE/plugins/com.st.stm32cube.ide.mcu.externaltools.gnu-tools-for-stm32.14.3.rel1.win32_1.0.100.202602081740/tools/bin/../lib/gcc/arm-none-eabi/14.3.1/thumb/v6-m/nofp\libgcc.a(_thumb1_case_shi.o)
 .ARM.attributes
                0x0000096a       0x1e C:/ST/STM32CubeIDE_1.18.1/STM32CubeIDE/plugins/com.st.stm32cube.ide.mcu.externaltools.gnu-tools-for-stm32.14.3.rel1.win32_1.0.100.202602081740/tools/bin/../lib/gcc/arm-none-eabi/14.3.1/thumb/v6-m/nofp\libgcc.a(_udivsi3.o)
 .ARM.attributes
                0x00000988       0x1e C:/ST/STM32CubeIDE_1.18.1/STM32CubeIDE/plugins/com.st.stm32cube.ide.mcu.externaltools.gnu-tools-for-stm32.14.3.rel1.win32_1.0.100.202602081740/tools/bin/../lib/gcc/arm-none-eabi/14.3.1/thumb/v6-m/nofp\libgcc.a(_divsi3.o)
 .ARM.attributes