../Core/Src/DS3231(CLK).c:25:6:timer_expired	32	static
../Core/Src/DS3231(CLK).c:37:6:update_date_time	24	static
../Core/Src/DS3231(CLK).c:54:6:DS3231_Init	16	static
../Core/Src/DS3231(CLK).c:64:6:DS3231_SetRegByte	32	static
../Core/Src/DS3231(CLK).c:70:9:DS3231_GetRegByte	40	static
../Core/Src/DS3231(CLK).c:78:6:DS3231_EnableBatterySquareWave	32	static
../Core/Src/DS3231(CLK).c:84:6:DS3231_SetInterruptMode	32	static
../Core/Src/DS3231(CLK).c:90:6:DS3231_SetRateSelect	32	static
../Core/Src/DS3231(CLK).c:96:6:DS3231_EnableOscillator	32	static
../Core/Src/DS3231(CLK).c:102:6:DS3231_EnableAlarm2	32	static
../Core/Src/DS3231(CLK).c:109:6:DS3231_ClearAlarm2Flag	16	static
../Core/Src/DS3231(CLK).c:115:6:DS3231_SetAlarm2Minute	32	static
../Core/Src/DS3231(CLK).c:122:6:DS3231_SetAlarm2Hour	32	static
../Core/Src/DS3231(CLK).c:129:6:DS3231_SetAlarm2Date	32	static
../Core/Src/DS3231(CLK).c:136:6:DS3231_SetAlarm2Day	32	static
../Core/Src/DS3231(CLK).c:143:6:DS3231_SetAlarm2Mode	32	static
../Core/Src/DS3231(CLK).c:154:6:DS3231_EnableAlarm1	32	static
../Core/Src/DS3231(CLK).c:161:6:DS3231_ClearAlarm1Flag	16	static
../Core/Src/DS3231(CLK).c:167:6:DS3231_SetAlarm1Second	32	static
../Core/Src/DS3231(CLK).c:174:6:DS3231_SetAlarm1Minute	32	static
../Core/Src/DS3231(CLK).c:181:6:DS3231_SetAlarm1Hour	32	static
../Core/Src/DS3231(CLK).c:188:6:DS3231_SetAlarm1Date	32	static
../Core/Src/DS3231(CLK).c:195:6:DS3231_SetAlarm1Day	32	static
../Core/Src/DS3231(CLK).c:202:6:DS3231_SetAlarm1Mode	32	static
../Core/Src/DS3231(CLK).c:215:9:DS3231_IsOscillatorStopped	8	static
../Core/Src/DS3231(CLK).c:220:9:DS3231_Is32kHzEnabled	8	static
../Core/Src/DS3231(CLK).c:225:9:DS3231_IsAlarm1Triggered	8	static
../Core/Src/DS3231(CLK).c:230:9:DS3231_IsAlarm2Triggered	8	static
../Core/Src/DS3231(CLK).c:235:9:DS3231_GetDayOfWeek	8	static
../Core/Src/DS3231(CLK).c:240:9:DS3231_GetDate	8	static
../Core/Src/DS3231(CLK).c:245:9:DS3231_GetMonth	8	static
../Core/Src/DS3231(CLK).c:250:10:DS3231_GetYear	24	static
../Core/Src/DS3231(CLK).c:257:9:DS3231_GetHour	8	static
../Core/Src/DS3231(CLK).c:262:9:DS3231_GetMinute	8	static
../Core/Src/DS3231(CLK).c:267:9:DS3231_GetSecond	8	static
../Core/Src/DS3231(CLK).c:272:6:DS3231_SetDayOfWeek	16	static
../Core/Src/DS3231(CLK).c:277:6:DS3231_SetDate	16	static
../Core/Src/DS3231(CLK).c:282:6:DS3231_SetMonth	32	static
../Core/Src/DS3231(CLK).c:288:6:DS3231_SetYear	32	static
../Core/Src/DS3231(CLK).c:296:6:DS3231_SetHour	16	static
../Core/Src/DS3231(CLK).c:301:6:DS3231_SetMinute	16	static
../Core/Src/DS3231(CLK).c:306:6:DS3231_SetSecond	16	static
../Core/Src/DS3231(CLK).c:311:6:DS3231_SetFullTime	24	static
../Core/Src/DS3231(CLK).c:318:6:DS3231_SetFullDate	24	static
../Core/Src/DS3231(CLK).c:326:9:DS3231_DecodeBCD	16	static
../Core/Src/DS3231(CLK).c:331:9:DS3231_EncodeBCD	24	static
../Core/Src/DS3231(CLK).c:336:6:DS3231_Enable32kHzOutput	24	static
../Core/Src/DS3231(CLK).c:342:8:DS3231_GetTemperatureInteger	8	static
../Core/Src/DS3231(CLK).c:347:9:DS3231_GetTemperatureFraction	8	static
