../Core/Src/DS3231(CLK).c:18:6:timer_expired	32	static
../Core/Src/DS3231(CLK).c:30:6:update_date_time	24	static
../Core/Src/DS3231(CLK).c:47:6:DS3231_Init	16	static
../Core/Src/DS3231(CLK).c:57:6:DS3231_SetRegByte	32	static
../Core/Src/DS3231(CLK).c:63:9:DS3231_GetRegByte	40	static
../Core/Src/DS3231(CLK).c:71:6:DS3231_EnableBatterySquareWave	32	static
../Core/Src/DS3231(CLK).c:77:6:DS3231_SetInterruptMode	32	static
../Core/Src/DS3231(CLK).c:83:6:DS3231_SetRateSelect	32	static
../Core/Src/DS3231(CLK).c:89:6:DS3231_EnableOscillator	32	static
../Core/Src/DS3231(CLK).c:95:6:DS3231_EnableAlarm2	32	static
../Core/Src/DS3231(CLK).c:102:6:DS3231_ClearAlarm2Flag	16	static
../Core/Src/DS3231(CLK).c:108:6:DS3231_SetAlarm2Minute	32	static
../Core/Src/DS3231(CLK).c:115:6:DS3231_SetAlarm2Hour	32	static
../Core/Src/DS3231(CLK).c:122:6:DS3231_SetAlarm2Date	32	static
../Core/Src/DS3231(CLK).c:129:6:DS3231_SetAlarm2Day	32	static
../Core/Src/DS3231(CLK).c:136:6:DS3231_SetAlarm2Mode	32	static
../Core/Src/DS3231(CLK).c:147:6:DS3231_EnableAlarm1	32	static
../Core/Src/DS3231(CLK).c:154:6:DS3231_ClearAlarm1Flag	16	static
../Core/Src/DS3231(CLK).c:160:6:DS3231_SetAlarm1Second	32	static
../Core/Src/DS3231(CLK).c:167:6:DS3231_SetAlarm1Minute	32	static
../Core/Src/DS3231(CLK).c:174:6:DS3231_SetAlarm1Hour	32	static
../Core/Src/DS3231(CLK).c:181:6:DS3231_SetAlarm1Date	32	static
../Core/Src/DS3231(CLK).c:188:6:DS3231_SetAlarm1Day	32	static
../Core/Src/DS3231(CLK).c:195:6:DS3231_SetAlarm1Mode	32	static
../Core/Src/DS3231(CLK).c:208:9:DS3231_IsOscillatorStopped	8	static
../Core/Src/DS3231(CLK).c:213:9:DS3231_Is32kHzEnabled	8	static
../Core/Src/DS3231(CLK).c:218:9:DS3231_IsAlarm1Triggered	8	static
../Core/Src/DS3231(CLK).c:223:9:DS3231_IsAlarm2Triggered	8	static
../Core/Src/DS3231(CLK).c:228:9:DS3231_GetDayOfWeek	8	static
../Core/Src/DS3231(CLK).c:233:9:DS3231_GetDate	8	static
../Core/Src/DS3231(CLK).c:238:9:DS3231_GetMonth	8	static
../Core/Src/DS3231(CLK).c:243:10:DS3231_GetYear	24	static
../Core/Src/DS3231(CLK).c:250:9:DS3231_GetHour	8	static
../Core/Src/DS3231(CLK).c:255:9:DS3231_GetMinute	8	static
../Core/Src/DS3231(CLK).c:260:9:DS3231_GetSecond	8	static
../Core/Src/DS3231(CLK).c:265:6:DS3231_SetDayOfWeek	16	static
../Core/Src/DS3231(CLK).c:270:6:DS3231_SetDate	16	static
../Core/Src/DS3231(CLK).c:275:6:DS3231_SetMonth	32	static
../Core/Src/DS3231(CLK).c:281:6:DS3231_SetYear	32	static
../Core/Src/DS3231(CLK).c:289:6:DS3231_SetHour	16	static
../Core/Src/DS3231(CLK).c:294:6:DS3231_SetMinute	16	static
../Core/Src/DS3231(CLK).c:299:6:DS3231_SetSecond	16	static
../Core/Src/DS3231(CLK).c:304:6:DS3231_SetFullTime	24	static
../Core/Src/DS3231(CLK).c:311:6:DS3231_SetFullDate	24	static
../Core/Src/DS3231(CLK).c:319:9:DS3231_DecodeBCD	16	static
../Core/Src/DS3231(CLK).c:324:9:DS3231_EncodeBCD	24	static
../Core/Src/DS3231(CLK).c:329:6:DS3231_Enable32kHzOutput	24	static
../Core/Src/DS3231(CLK).c:335:8:DS3231_GetTemperatureInteger	8	static
../Core/Src/DS3231(CLK).c:340:9:DS3231_GetTemperatureFraction	8	static
