../Core/Src/LCD.c:41:13:LCD_WriteTwoDigits	32	static
../Core/Src/LCD.c:47:13:LCD_WriteFixed2	40	static
../Core/Src/LCD.c:54:13:LCD_Write12Hour	32	static
../Core/Src/LCD.c:63:6:LCD_SendCommand	32	static
../Core/Src/LCD.c:69:6:LCD_SetContrast	32	static
../Core/Src/LCD.c:74:6:LCD_SetBrightness	32	static
../Core/Src/LCD.c:80:6:LCD_SetCursor	32	static
../Core/Src/LCD.c:97:6:LCD_Init	8	static
../Core/Src/LCD.c:111:6:LCD_WriteCharacter	24	static
../Core/Src/LCD.c:115:6:LCD_WriteString	24	static
../Core/Src/LCD.c:119:6:LCD_ShowIdleOverview	32	static
../Core/Src/LCD.c:138:6:LCD_ShowIdleCurrentTime	24	static
../Core/Src/LCD.c:152:6:LCD_ShowIdleScheduledTime	24	static
../Core/Src/LCD.c:163:6:LCD_ShowReservoirCheckScreen	8	static
../Core/Src/LCD.c:170:6:LCD_UpdateReservoirProgress	32	static
../Core/Src/LCD.c:181:6:LCD_ShowDrainScreen	32	static
../Core/Src/LCD.c:197:6:LCD_ShowHeatingScreen	8	static
../Core/Src/LCD.c:210:6:LCD_UpdateHeatingTemps	16	static
../Core/Src/LCD.c:217:6:LCD_ShowFillScreen	32	static
../Core/Src/LCD.c:233:6:LCD_UpdateElapsedSeconds	16	static
