../Core/Src/LCD.c:39:13:LCD_Write12Hour	32	static
../Core/Src/LCD.c:54:6:LCD_SendCommand	32	static
../Core/Src/LCD.c:60:6:LCD_SetContrast	32	static
../Core/Src/LCD.c:65:6:LCD_SetBrightness	32	static
../Core/Src/LCD.c:71:6:LCD_SetCursor	32	static
../Core/Src/LCD.c:88:6:LCD_Init	8	static
../Core/Src/LCD.c:104:6:LCD_WriteCharacter	24	static
../Core/Src/LCD.c:108:6:LCD_WriteString	24	static
../Core/Src/LCD.c:112:6:LCD_ShowIdleOverview	24	static
../Core/Src/LCD.c:131:6:LCD_ShowIdleCurrentTime	32	static
../Core/Src/LCD.c:154:6:LCD_ShowIdleScheduledTime	32	static
../Core/Src/LCD.c:172:6:LCD_ShowReservoirCheckScreen	8	static
../Core/Src/LCD.c:179:6:LCD_ShowReservoirProgress	16	static
../Core/Src/LCD.c:186:6:LCD_ShowDrainScreen	32	static
../Core/Src/LCD.c:202:6:LCD_ShowHeatingScreen	8	static
../Core/Src/LCD.c:215:6:LCD_ShowHeatingTemps	16	static
../Core/Src/LCD.c:222:6:LCD_ShowFillScreen	32	static
../Core/Src/LCD.c:238:6:LCD_ShowElapsedTime	16	static
