../Core/Src/main.c:142:5:main	24	static
../Core/Src/main.c:471:6:SystemClock_Config	96	static
../Core/Src/main.c:512:13:MX_ADC1_Init	24	static
../Core/Src/main.c:579:13:MX_I2C1_Init	8	static
../Core/Src/main.c:627:13:MX_TIM2_Init	40	static
../Core/Src/main.c:672:13:MX_USART1_UART_Init	8	static
../Core/Src/main.c:720:13:MX_USART2_UART_Init	8	static
../Core/Src/main.c:768:13:MX_USART3_UART_Init	8	static
../Core/Src/main.c:816:13:MX_USART5_UART_Init	8	static
../Core/Src/main.c:852:13:MX_USART6_UART_Init	8	static
../Core/Src/main.c:886:13:MX_DMA_Init	16	static
../Core/Src/main.c:899:13:MX_GPIO_Init	56	static
../Core/Src/main.c:971:6:blockForKey	32	static
../Core/Src/main.c:982:6:HAL_TIM_PeriodElapsedCallback	16	static
../Core/Src/main.c:997:6:Error_Handler	8	static,ignoring_inline_asm
