../Core/Src/main.c:140:5:main	24	static
../Core/Src/main.c:395:6:SystemClock_Config	96	static
../Core/Src/main.c:436:13:MX_ADC1_Init	24	static
../Core/Src/main.c:503:13:MX_I2C1_Init	8	static
../Core/Src/main.c:551:13:MX_TIM2_Init	40	static
../Core/Src/main.c:596:13:MX_USART1_UART_Init	8	static
../Core/Src/main.c:644:13:MX_USART2_UART_Init	8	static
../Core/Src/main.c:692:13:MX_USART3_UART_Init	8	static
../Core/Src/main.c:740:13:MX_USART5_Init	8	static
../Core/Src/main.c:776:13:MX_USART6_Init	8	static
../Core/Src/main.c:810:13:MX_DMA_Init	16	static
../Core/Src/main.c:823:13:MX_GPIO_Init	56	static
../Core/Src/main.c:891:6:blockForKey	32	static
../Core/Src/main.c:902:6:HAL_TIM_PeriodElapsedCallback	16	static
../Core/Src/main.c:917:6:Error_Handler	8	static,ignoring_inline_asm
