../Core/Src/main.c:143:5:main	47
../Core/Src/main.c:398:6:SystemClock_Config	3
../Core/Src/main.c:439:13:MX_ADC1_Init	4
../Core/Src/main.c:506:13:MX_I2C1_Init	4
../Core/Src/main.c:554:13:MX_TIM2_Init	4
../Core/Src/main.c:599:13:MX_USART1_UART_Init	5
../Core/Src/main.c:647:13:MX_USART2_UART_Init	5
../Core/Src/main.c:695:13:MX_USART3_UART_Init	5
../Core/Src/main.c:743:13:MX_USART5_UART_Init	2
../Core/Src/main.c:779:13:MX_USART6_UART_Init	2
../Core/Src/main.c:813:13:MX_DMA_Init	1
../Core/Src/main.c:826:13:MX_GPIO_Init	1
../Core/Src/main.c:894:6:blockForKey	4
../Core/Src/main.c:905:6:HAL_TIM_PeriodElapsedCallback	2
../Core/Src/main.c:920:6:Error_Handler	1
