../Core/Src/state_logic.c:78:6:num_to_char_2	16	static
../Core/Src/state_logic.c:87:6:num_to_char_4	16	static
../Core/Src/state_logic.c:98:6:state_enter	8	static
../Core/Src/state_logic.c:101:6:state_leave	8	static
../Core/Src/state_logic.c:105:10:get_seconds_of_day	8	static
../Core/Src/state_logic.c:112:6:idle_state	40	static
../Core/Src/state_logic.c:223:6:water_res_state	8	static
../Core/Src/state_logic.c:254:6:water_drain_state	32	static
../Core/Src/state_logic.c:314:6:heating_state	40	static
../Core/Src/state_logic.c:373:6:water_fill_state	40	static
