../Core/Src/state_logic.c:74:6:num_to_char_2	16	static
../Core/Src/state_logic.c:83:6:num_to_char_4	16	static
../Core/Src/state_logic.c:94:6:state_enter	8	static
../Core/Src/state_logic.c:97:6:state_leave	8	static
../Core/Src/state_logic.c:101:10:get_seconds_of_day	8	static
../Core/Src/state_logic.c:108:6:idle_state	40	static
../Core/Src/state_logic.c:216:6:water_res_state	8	static
../Core/Src/state_logic.c:242:6:water_drain_state	32	static
../Core/Src/state_logic.c:301:6:heating_state	40	static
../Core/Src/state_logic.c:356:6:water_fill_state	40	static
